Jan 30 11:41:06 ip-172-31-19-31 kernel: Linux version 6.1.124-134.200.amzn2023.aarch64 (mockbuild@ip-10-0-37-91) (gcc (GCC) 11.4.1 20230605 (Red Hat 11.4.1-2), GNU ld version 2.39-6.amzn2023.0.10) #1 SMP Tue Jan 14 08:15:20 UTC 2025
Jan 30 11:41:06 ip-172-31-19-31 kernel: efi: EFI v2.70 by EDK II
Jan 30 11:41:06 ip-172-31-19-31 kernel: efi: SMBIOS=0x7bed0000 SMBIOS 3.0=0x7beb0000 ACPI=0x786e0000 ACPI 2.0=0x786e0014 MEMATTR=0x7aff0a98 RNG=0x74b20018 MEMRESERVE=0x784d0d98 
Jan 30 11:41:06 ip-172-31-19-31 kernel: random: crng init done
Jan 30 11:41:06 ip-172-31-19-31 kernel: ACPI: Early table checksum verification disabled
Jan 30 11:41:06 ip-172-31-19-31 kernel: ACPI: RSDP 0x00000000786E0014 000024 (v02 AMAZON)
Jan 30 11:41:06 ip-172-31-19-31 kernel: ACPI: XSDT 0x00000000786D00E8 000064 (v01 AMAZON AMZNFACP 00000001      01000013)
Jan 30 11:41:06 ip-172-31-19-31 kernel: ACPI: FACP 0x00000000786B0000 000114 (v06 AMAZON AMZNFACP 00000001 AMZN 00000001)
Jan 30 11:41:06 ip-172-31-19-31 kernel: ACPI: DSDT 0x0000000078640000 00159D (v02 AMAZON AMZNDSDT 00000001 INTL 20160527)
Jan 30 11:41:06 ip-172-31-19-31 kernel: ACPI: FACS 0x0000000078630000 000040
Jan 30 11:41:06 ip-172-31-19-31 kernel: ACPI: APIC 0x00000000786C0000 000108 (v04 AMAZON AMZNAPIC 00000001 AMZN 00000001)
Jan 30 11:41:06 ip-172-31-19-31 kernel: ACPI: SPCR 0x00000000786A0000 000050 (v02 AMAZON AMZNSPCR 00000001 AMZN 00000001)
Jan 30 11:41:06 ip-172-31-19-31 kernel: ACPI: GTDT 0x0000000078690000 000060 (v02 AMAZON AMZNGTDT 00000001 AMZN 00000001)
Jan 30 11:41:06 ip-172-31-19-31 kernel: ACPI: MCFG 0x0000000078680000 00003C (v02 AMAZON AMZNMCFG 00000001 AMZN 00000001)
Jan 30 11:41:06 ip-172-31-19-31 kernel: ACPI: SLIT 0x0000000078670000 00002D (v01 AMAZON AMZNSLIT 00000001 AMZN 00000001)
Jan 30 11:41:06 ip-172-31-19-31 kernel: ACPI: IORT 0x0000000078660000 000078 (v01 AMAZON AMZNIORT 00000001 AMZN 00000001)
Jan 30 11:41:06 ip-172-31-19-31 kernel: ACPI: PPTT 0x0000000078650000 0000D4 (v02 AMAZON AMZNPPTT 00000001 AMZN 00000001)
Jan 30 11:41:06 ip-172-31-19-31 kernel: ACPI: SPCR: console: uart,mmio,0x90a0000,115200
Jan 30 11:41:06 ip-172-31-19-31 kernel: NUMA: Failed to initialise from firmware
Jan 30 11:41:06 ip-172-31-19-31 kernel: NUMA: Faking a node at [mem 0x0000000040000000-0x00000004b9ffffff]
Jan 30 11:41:06 ip-172-31-19-31 kernel: NUMA: NODE_DATA [mem 0x4b98267c0-0x4b9828fff]
Jan 30 11:41:06 ip-172-31-19-31 kernel: Zone ranges:
Jan 30 11:41:06 ip-172-31-19-31 kernel:  DMA      [mem 0x0000000040000000-0x00000000ffffffff]
Jan 30 11:41:06 ip-172-31-19-31 kernel:  DMA32    empty
Jan 30 11:41:06 ip-172-31-19-31 kernel:  Normal   [mem 0x0000000100000000-0x00000004b9ffffff]
Jan 30 11:41:06 ip-172-31-19-31 kernel:  Device   empty
Jan 30 11:41:06 ip-172-31-19-31 kernel: Movable zone start for each node
Jan 30 11:41:06 ip-172-31-19-31 kernel: Early memory node ranges
Jan 30 11:41:06 ip-172-31-19-31 kernel:  node   0: [mem 0x0000000040000000-0x000000007862ffff]
Jan 30 11:41:06 ip-172-31-19-31 kernel:  node   0: [mem 0x0000000078630000-0x000000007863ffff]
Jan 30 11:41:06 ip-172-31-19-31 kernel:  node   0: [mem 0x0000000078640000-0x00000000786effff]
Jan 30 11:41:06 ip-172-31-19-31 kernel:  node   0: [mem 0x00000000786f0000-0x000000007872ffff]
Jan 30 11:41:06 ip-172-31-19-31 kernel:  node   0: [mem 0x0000000078730000-0x000000007bbfffff]
Jan 30 11:41:06 ip-172-31-19-31 kernel:  node   0: [mem 0x000000007bc00000-0x000000007bfdffff]
Jan 30 11:41:06 ip-172-31-19-31 kernel:  node   0: [mem 0x000000007bfe0000-0x000000007fffffff]
Jan 30 11:41:06 ip-172-31-19-31 kernel:  node   0: [mem 0x0000000400000000-0x00000004b9ffffff]
Jan 30 11:41:06 ip-172-31-19-31 kernel: Initmem setup node 0 [mem 0x0000000040000000-0x00000004b9ffffff]
Jan 30 11:41:06 ip-172-31-19-31 kernel: On node 0, zone Normal: 24576 pages in unavailable ranges
Jan 30 11:41:06 ip-172-31-19-31 kernel: cma: Reserved 64 MiB at 0x000000007c000000 on node -1
Jan 30 11:41:06 ip-172-31-19-31 kernel: psci: probing for conduit method from ACPI.
Jan 30 11:41:06 ip-172-31-19-31 kernel: psci: PSCIv1.0 detected in firmware.
Jan 30 11:41:06 ip-172-31-19-31 kernel: psci: Using standard PSCI v0.2 function IDs
Jan 30 11:41:06 ip-172-31-19-31 kernel: psci: Trusted OS migration not required
Jan 30 11:41:06 ip-172-31-19-31 kernel: psci: SMC Calling Convention v1.1
Jan 30 11:41:06 ip-172-31-19-31 kernel: percpu: Embedded 31 pages/cpu s86440 r8192 d32344 u126976
Jan 30 11:41:06 ip-172-31-19-31 kernel: Detected PIPT I-cache on CPU0
Jan 30 11:41:06 ip-172-31-19-31 kernel: CPU features: detected: GIC system register CPU interface
Jan 30 11:41:06 ip-172-31-19-31 kernel: CPU features: detected: Hardware dirty bit management
Jan 30 11:41:06 ip-172-31-19-31 kernel: CPU features: detected: Spectre-v4
Jan 30 11:41:06 ip-172-31-19-31 kernel: CPU features: detected: Spectre-BHB
Jan 30 11:41:06 ip-172-31-19-31 kernel: CPU features: detected: ARM erratum 1418040
Jan 30 11:41:06 ip-172-31-19-31 kernel: CPU features: detected: ARM erratum 1542419 (kernel portion)
Jan 30 11:41:06 ip-172-31-19-31 kernel: CPU features: detected: SSBS not fully self-synchronizing
Jan 30 11:41:06 ip-172-31-19-31 kernel: alternatives: applying boot alternatives
Jan 30 11:41:06 ip-172-31-19-31 kernel: Fallback order for Node 0: 0 
Jan 30 11:41:06 ip-172-31-19-31 kernel: Built 1 zonelists, mobility grouping on.  Total pages: 1008000
Jan 30 11:41:06 ip-172-31-19-31 kernel: Policy zone: Normal
Jan 30 11:41:06 ip-172-31-19-31 kernel: Kernel command line: BOOT_IMAGE=(hd0,gpt1)/boot/vmlinuz-6.1.124-134.200.amzn2023.aarch64 root=UUID=b2e7417e-e139-4974-87a3-31b5cade972b ro console=tty0 console=ttyS0,115200n8 nvme_core.io_timeout=4294967295 rd.emergency=poweroff rd.shell=0 selinux=1 security=selinux quiet numa_cma=1:64M
Jan 30 11:41:06 ip-172-31-19-31 kernel: Unknown kernel command line parameters "BOOT_IMAGE=(hd0,gpt1)/boot/vmlinuz-6.1.124-134.200.amzn2023.aarch64", will be passed to user space.
Jan 30 11:41:06 ip-172-31-19-31 kernel: Dentry cache hash table entries: 524288 (order: 10, 4194304 bytes, linear)
Jan 30 11:41:06 ip-172-31-19-31 kernel: Inode-cache hash table entries: 262144 (order: 9, 2097152 bytes, linear)
Jan 30 11:41:06 ip-172-31-19-31 kernel: mem auto-init: stack:off, heap alloc:off, heap free:off
Jan 30 11:41:06 ip-172-31-19-31 kernel: software IO TLB: area num 2.
Jan 30 11:41:06 ip-172-31-19-31 kernel: software IO TLB: mapped [mem 0x000000006dc00000-0x0000000071c00000] (64MB)
Jan 30 11:41:06 ip-172-31-19-31 kernel: Memory: 3820212K/4096000K available (12096K kernel code, 8838K rwdata, 8432K rodata, 4480K init, 11359K bss, 210252K reserved, 65536K cma-reserved)
Jan 30 11:41:06 ip-172-31-19-31 kernel: SLUB: HWalign=64, Order=0-3, MinObjects=0, CPUs=2, Nodes=1
Jan 30 11:41:06 ip-172-31-19-31 kernel: ftrace: allocating 40239 entries in 158 pages
Jan 30 11:41:06 ip-172-31-19-31 kernel: ftrace: allocated 158 pages with 5 groups
Jan 30 11:41:06 ip-172-31-19-31 kernel: trace event string verifier disabled
Jan 30 11:41:06 ip-172-31-19-31 kernel: rcu: Hierarchical RCU implementation.
Jan 30 11:41:06 ip-172-31-19-31 kernel: rcu: #011RCU restricting CPUs from NR_CPUS=4096 to nr_cpu_ids=2.
Jan 30 11:41:06 ip-172-31-19-31 kernel: #011Rude variant of Tasks RCU enabled.
Jan 30 11:41:06 ip-172-31-19-31 kernel: #011Tracing variant of Tasks RCU enabled.
Jan 30 11:41:06 ip-172-31-19-31 kernel: rcu: RCU calculated value of scheduler-enlistment delay is 10 jiffies.
Jan 30 11:41:06 ip-172-31-19-31 kernel: rcu: Adjusting geometry for rcu_fanout_leaf=16, nr_cpu_ids=2
Jan 30 11:41:06 ip-172-31-19-31 kernel: NR_IRQS: 64, nr_irqs: 64, preallocated irqs: 0
Jan 30 11:41:06 ip-172-31-19-31 kernel: GICv3: 96 SPIs implemented
Jan 30 11:41:06 ip-172-31-19-31 kernel: GICv3: 0 Extended SPIs implemented
Jan 30 11:41:06 ip-172-31-19-31 kernel: Root IRQ handler: gic_handle_irq
Jan 30 11:41:06 ip-172-31-19-31 kernel: GICv3: GICv3 features: 16 PPIs
Jan 30 11:41:06 ip-172-31-19-31 kernel: GICv3: CPU0: found redistributor 0 region 0:0x0000000010200000
Jan 30 11:41:06 ip-172-31-19-31 kernel: ITS [mem 0x10080000-0x1009ffff]
Jan 30 11:41:06 ip-172-31-19-31 kernel: ITS@0x0000000010080000: allocated 8192 Devices @400190000 (indirect, esz 8, psz 64K, shr 1)
Jan 30 11:41:06 ip-172-31-19-31 kernel: ITS@0x0000000010080000: allocated 8192 Interrupt Collections @4001a0000 (flat, esz 8, psz 64K, shr 1)
Jan 30 11:41:06 ip-172-31-19-31 kernel: GICv3: using LPI property table @0x00000004001b0000
Jan 30 11:41:06 ip-172-31-19-31 kernel: ITS: Using hypervisor restricted LPI range [128]
Jan 30 11:41:06 ip-172-31-19-31 kernel: GICv3: CPU0: using allocated LPI pending table @0x00000004001c0000
Jan 30 11:41:06 ip-172-31-19-31 kernel: rcu: srcu_init: Setting srcu_struct sizes based on contention.
Jan 30 11:41:06 ip-172-31-19-31 kernel: arch_timer: Enabling local workaround for ARM erratum 1418040
Jan 30 11:41:06 ip-172-31-19-31 kernel: arch_timer: cp15 timer(s) running at 121.87MHz (virt).
Jan 30 11:41:06 ip-172-31-19-31 kernel: clocksource: arch_sys_counter: mask: 0x3ffffffffffffff max_cycles: 0x383759f8ff, max_idle_ns: 881590415659 ns
Jan 30 11:41:06 ip-172-31-19-31 kernel: sched_clock: 58 bits at 122MHz, resolution 8ns, wraps every 4398046511103ns
Jan 30 11:41:06 ip-172-31-19-31 kernel: Console: colour dummy device 80x25
Jan 30 11:41:06 ip-172-31-19-31 kernel: printk: console [tty0] enabled
Jan 30 11:41:06 ip-172-31-19-31 kernel: ACPI: Core revision 20220331
Jan 30 11:41:06 ip-172-31-19-31 kernel: Calibrating delay loop (skipped), value calculated using timer frequency.. 243.75 BogoMIPS (lpj=1218750)
Jan 30 11:41:06 ip-172-31-19-31 kernel: pid_max: default: 32768 minimum: 301
Jan 30 11:41:06 ip-172-31-19-31 kernel: LSM: Security Framework initializing
Jan 30 11:41:06 ip-172-31-19-31 kernel: Yama: becoming mindful.
Jan 30 11:41:06 ip-172-31-19-31 kernel: SELinux:  Initializing.
Jan 30 11:41:06 ip-172-31-19-31 kernel: LSM support for eBPF active
Jan 30 11:41:06 ip-172-31-19-31 kernel: Mount-cache hash table entries: 8192 (order: 4, 65536 bytes, linear)
Jan 30 11:41:06 ip-172-31-19-31 kernel: Mountpoint-cache hash table entries: 8192 (order: 4, 65536 bytes, linear)
Jan 30 11:41:06 ip-172-31-19-31 kernel: cblist_init_generic: Setting adjustable number of callback queues.
Jan 30 11:41:06 ip-172-31-19-31 kernel: cblist_init_generic: Setting shift to 1 and lim to 1.
Jan 30 11:41:06 ip-172-31-19-31 kernel: cblist_init_generic: Setting adjustable number of callback queues.
Jan 30 11:41:06 ip-172-31-19-31 kernel: cblist_init_generic: Setting shift to 1 and lim to 1.
Jan 30 11:41:06 ip-172-31-19-31 kernel: rcu: Hierarchical SRCU implementation.
Jan 30 11:41:06 ip-172-31-19-31 kernel: rcu: #011Max phase no-delay instances is 1000.
Jan 30 11:41:06 ip-172-31-19-31 kernel: Platform MSI: ITS@0x10080000 domain created
Jan 30 11:41:06 ip-172-31-19-31 kernel: PCI/MSI: ITS@0x10080000 domain created
Jan 30 11:41:06 ip-172-31-19-31 kernel: Remapping and enabling EFI services.
Jan 30 11:41:06 ip-172-31-19-31 kernel: smp: Bringing up secondary CPUs ...
Jan 30 11:41:06 ip-172-31-19-31 kernel: Detected PIPT I-cache on CPU1
Jan 30 11:41:06 ip-172-31-19-31 kernel: GICv3: CPU1: found redistributor 1 region 0:0x0000000010220000
Jan 30 11:41:06 ip-172-31-19-31 kernel: GICv3: CPU1: using allocated LPI pending table @0x00000004001d0000
Jan 30 11:41:06 ip-172-31-19-31 kernel: arch_timer: Enabling local workaround for ARM erratum 1418040
Jan 30 11:41:06 ip-172-31-19-31 kernel: CPU1: Booted secondary processor 0x0000000001 [0x413fd0c1]
Jan 30 11:41:06 ip-172-31-19-31 kernel: smp: Brought up 1 node, 2 CPUs
Jan 30 11:41:06 ip-172-31-19-31 kernel: SMP: Total of 2 processors activated.
Jan 30 11:41:06 ip-172-31-19-31 kernel: CPU features: detected: 32-bit EL0 Support
Jan 30 11:41:06 ip-172-31-19-31 kernel: CPU features: detected: Instruction cache invalidation not required for I/D coherence
Jan 30 11:41:06 ip-172-31-19-31 kernel: CPU features: detected: Data cache clean to the PoU not required for I/D coherence
Jan 30 11:41:06 ip-172-31-19-31 kernel: CPU features: detected: Common not Private translations
Jan 30 11:41:06 ip-172-31-19-31 kernel: CPU features: detected: CRC32 instructions
Jan 30 11:41:06 ip-172-31-19-31 kernel: CPU features: detected: RCpc load-acquire (LDAPR)
Jan 30 11:41:06 ip-172-31-19-31 kernel: CPU features: detected: LSE atomic instructions
Jan 30 11:41:06 ip-172-31-19-31 kernel: CPU features: detected: Privileged Access Never
Jan 30 11:41:06 ip-172-31-19-31 kernel: CPU features: detected: RAS Extension Support
Jan 30 11:41:06 ip-172-31-19-31 kernel: CPU features: detected: Speculative Store Bypassing Safe (SSBS)
Jan 30 11:41:06 ip-172-31-19-31 kernel: CPU: All CPU(s) started at EL1
Jan 30 11:41:06 ip-172-31-19-31 kernel: alternatives: applying system-wide alternatives
Jan 30 11:41:06 ip-172-31-19-31 kernel: devtmpfs: initialized
Jan 30 11:41:06 ip-172-31-19-31 kernel: Registered cp15_barrier emulation handler
Jan 30 11:41:06 ip-172-31-19-31 kernel: Registered setend emulation handler
Jan 30 11:41:06 ip-172-31-19-31 kernel: clocksource: jiffies: mask: 0xffffffff max_cycles: 0xffffffff, max_idle_ns: 19112604462750000 ns
Jan 30 11:41:06 ip-172-31-19-31 kernel: futex hash table entries: 512 (order: 3, 32768 bytes, linear)
Jan 30 11:41:06 ip-172-31-19-31 kernel: pinctrl core: initialized pinctrl subsystem
Jan 30 11:41:06 ip-172-31-19-31 kernel: SMBIOS 3.0.0 present.
Jan 30 11:41:06 ip-172-31-19-31 kernel: DMI: Amazon EC2 c6g.large/, BIOS 1.0 11/1/2018
Jan 30 11:41:06 ip-172-31-19-31 kernel: NET: Registered PF_NETLINK/PF_ROUTE protocol family
Jan 30 11:41:06 ip-172-31-19-31 kernel: DMA: preallocated 512 KiB GFP_KERNEL pool for atomic allocations
Jan 30 11:41:06 ip-172-31-19-31 kernel: DMA: preallocated 512 KiB GFP_KERNEL|GFP_DMA pool for atomic allocations
Jan 30 11:41:06 ip-172-31-19-31 kernel: DMA: preallocated 512 KiB GFP_KERNEL|GFP_DMA32 pool for atomic allocations
Jan 30 11:41:06 ip-172-31-19-31 kernel: audit: initializing netlink subsys (disabled)
Jan 30 11:41:06 ip-172-31-19-31 kernel: audit: type=2000 audit(0.000:1): state=initialized audit_enabled=0 res=1
Jan 30 11:41:06 ip-172-31-19-31 kernel: thermal_sys: Registered thermal governor 'fair_share'
Jan 30 11:41:06 ip-172-31-19-31 kernel: thermal_sys: Registered thermal governor 'step_wise'
Jan 30 11:41:06 ip-172-31-19-31 kernel: thermal_sys: Registered thermal governor 'user_space'
Jan 30 11:41:06 ip-172-31-19-31 kernel: cpuidle: using governor ladder
Jan 30 11:41:06 ip-172-31-19-31 kernel: cpuidle: using governor menu
Jan 30 11:41:06 ip-172-31-19-31 kernel: hw-breakpoint: found 6 breakpoint and 4 watchpoint registers.
Jan 30 11:41:06 ip-172-31-19-31 kernel: ASID allocator initialised with 65536 entries
Jan 30 11:41:06 ip-172-31-19-31 kernel: acpiphp: ACPI Hot Plug PCI Controller Driver version: 0.5
Jan 30 11:41:06 ip-172-31-19-31 kernel: Serial: AMBA PL011 UART driver
Jan 30 11:41:06 ip-172-31-19-31 kernel: HugeTLB: registered 1.00 GiB page size, pre-allocated 0 pages
Jan 30 11:41:06 ip-172-31-19-31 kernel: HugeTLB: 0 KiB vmemmap can be freed for a 1.00 GiB page
Jan 30 11:41:06 ip-172-31-19-31 kernel: HugeTLB: registered 32.0 MiB page size, pre-allocated 0 pages
Jan 30 11:41:06 ip-172-31-19-31 kernel: HugeTLB: 0 KiB vmemmap can be freed for a 32.0 MiB page
Jan 30 11:41:06 ip-172-31-19-31 kernel: HugeTLB: registered 2.00 MiB page size, pre-allocated 0 pages
Jan 30 11:41:06 ip-172-31-19-31 kernel: HugeTLB: 0 KiB vmemmap can be freed for a 2.00 MiB page
Jan 30 11:41:06 ip-172-31-19-31 kernel: HugeTLB: registered 64.0 KiB page size, pre-allocated 0 pages
Jan 30 11:41:06 ip-172-31-19-31 kernel: HugeTLB: 0 KiB vmemmap can be freed for a 64.0 KiB page
Jan 30 11:41:06 ip-172-31-19-31 kernel: ACPI: Added _OSI(Module Device)
Jan 30 11:41:06 ip-172-31-19-31 kernel: ACPI: Added _OSI(Processor Device)
Jan 30 11:41:06 ip-172-31-19-31 kernel: ACPI: Added _OSI(3.0 _SCP Extensions)
Jan 30 11:41:06 ip-172-31-19-31 kernel: ACPI: Added _OSI(Processor Aggregator Device)
Jan 30 11:41:06 ip-172-31-19-31 kernel: ACPI: 1 ACPI AML tables successfully acquired and loaded
Jan 30 11:41:06 ip-172-31-19-31 kernel: ACPI: Interpreter enabled
Jan 30 11:41:06 ip-172-31-19-31 kernel: ACPI: Using GIC for interrupt routing
Jan 30 11:41:06 ip-172-31-19-31 kernel: ACPI: MCFG table detected, 1 entries
Jan 30 11:41:06 ip-172-31-19-31 kernel: ACPI: PCI Root Bridge [PCI0] (domain 0000 [bus 00-0f])
Jan 30 11:41:06 ip-172-31-19-31 kernel: acpi PNP0A08:00: _OSC: OS supports [ExtendedConfig ASPM ClockPM Segments MSI HPX-Type3]
Jan 30 11:41:06 ip-172-31-19-31 kernel: acpi PNP0A08:00: _OSC: platform does not support [SHPCHotplug LTR]
Jan 30 11:41:06 ip-172-31-19-31 kernel: acpi PNP0A08:00: _OSC: OS now controls [PCIeHotplug PME PCIeCapability]
Jan 30 11:41:06 ip-172-31-19-31 kernel: acpi PNP0A08:00: ECAM area [mem 0x20000000-0x20ffffff] reserved by PNP0C02:00
Jan 30 11:41:06 ip-172-31-19-31 kernel: acpi PNP0A08:00: ECAM at [mem 0x20000000-0x20ffffff] for [bus 00-0f]
Jan 30 11:41:06 ip-172-31-19-31 kernel: ACPI: Remapped I/O 0x000000001fff0000 to [io  0x0000-0xffff window]
Jan 30 11:41:06 ip-172-31-19-31 kernel: acpiphp: Slot [1] registered
Jan 30 11:41:06 ip-172-31-19-31 kernel: acpiphp: Slot [2] registered
Jan 30 11:41:06 ip-172-31-19-31 kernel: acpiphp: Slot [3] registered
Jan 30 11:41:06 ip-172-31-19-31 kernel: acpiphp: Slot [4] registered
Jan 30 11:41:06 ip-172-31-19-31 kernel: acpiphp: Slot [5] registered
Jan 30 11:41:06 ip-172-31-19-31 kernel: acpiphp: Slot [6] registered
Jan 30 11:41:06 ip-172-31-19-31 kernel: acpiphp: Slot [7] registered
Jan 30 11:41:06 ip-172-31-19-31 kernel: acpiphp: Slot [8] registered
Jan 30 11:41:06 ip-172-31-19-31 kernel: acpiphp: Slot [9] registered
Jan 30 11:41:06 ip-172-31-19-31 kernel: acpiphp: Slot [10] registered
Jan 30 11:41:06 ip-172-31-19-31 kernel: acpiphp: Slot [11] registered
Jan 30 11:41:06 ip-172-31-19-31 kernel: acpiphp: Slot [12] registered
Jan 30 11:41:06 ip-172-31-19-31 kernel: acpiphp: Slot [13] registered
Jan 30 11:41:06 ip-172-31-19-31 kernel: acpiphp: Slot [14] registered
Jan 30 11:41:06 ip-172-31-19-31 kernel: acpiphp: Slot [15] registered
Jan 30 11:41:06 ip-172-31-19-31 kernel: acpiphp: Slot [16] registered
Jan 30 11:41:06 ip-172-31-19-31 kernel: acpiphp: Slot [17] registered
Jan 30 11:41:06 ip-172-31-19-31 kernel: acpiphp: Slot [18] registered
Jan 30 11:41:06 ip-172-31-19-31 kernel: acpiphp: Slot [19] registered
Jan 30 11:41:06 ip-172-31-19-31 kernel: acpiphp: Slot [20] registered
Jan 30 11:41:06 ip-172-31-19-31 kernel: acpiphp: Slot [21] registered
Jan 30 11:41:06 ip-172-31-19-31 kernel: acpiphp: Slot [22] registered
Jan 30 11:41:06 ip-172-31-19-31 kernel: acpiphp: Slot [23] registered
Jan 30 11:41:06 ip-172-31-19-31 kernel: acpiphp: Slot [24] registered
Jan 30 11:41:06 ip-172-31-19-31 kernel: acpiphp: Slot [25] registered
Jan 30 11:41:06 ip-172-31-19-31 kernel: acpiphp: Slot [26] registered
Jan 30 11:41:06 ip-172-31-19-31 kernel: acpiphp: Slot [27] registered
Jan 30 11:41:06 ip-172-31-19-31 kernel: acpiphp: Slot [28] registered
Jan 30 11:41:06 ip-172-31-19-31 kernel: acpiphp: Slot [29] registered
Jan 30 11:41:06 ip-172-31-19-31 kernel: acpiphp: Slot [30] registered
Jan 30 11:41:06 ip-172-31-19-31 kernel: acpiphp: Slot [31] registered
Jan 30 11:41:06 ip-172-31-19-31 kernel: PCI host bridge to bus 0000:00
Jan 30 11:41:06 ip-172-31-19-31 kernel: pci_bus 0000:00: root bus resource [mem 0x80000000-0xffffffff window]
Jan 30 11:41:06 ip-172-31-19-31 kernel: pci_bus 0000:00: root bus resource [io  0x0000-0xffff window]
Jan 30 11:41:06 ip-172-31-19-31 kernel: pci_bus 0000:00: root bus resource [mem 0x400000000000-0x407fffffffff window]
Jan 30 11:41:06 ip-172-31-19-31 kernel: pci_bus 0000:00: root bus resource [bus 00-0f]
Jan 30 11:41:06 ip-172-31-19-31 kernel: pci 0000:00:00.0: [1d0f:0200] type 00 class 0x060000
Jan 30 11:41:06 ip-172-31-19-31 kernel: pci 0000:00:01.0: [1d0f:8250] type 00 class 0x070003
Jan 30 11:41:06 ip-172-31-19-31 kernel: pci 0000:00:01.0: reg 0x10: [mem 0x80118000-0x80118fff]
Jan 30 11:41:06 ip-172-31-19-31 kernel: pci 0000:00:04.0: [1d0f:8061] type 00 class 0x010802
Jan 30 11:41:06 ip-172-31-19-31 kernel: pci 0000:00:04.0: reg 0x10: [mem 0x80114000-0x80117fff]
Jan 30 11:41:06 ip-172-31-19-31 kernel: pci 0000:00:04.0: PME# supported from D0 D1 D2 D3hot D3cold
Jan 30 11:41:06 ip-172-31-19-31 kernel: pci 0000:00:05.0: [1d0f:ec20] type 00 class 0x020000
Jan 30 11:41:06 ip-172-31-19-31 kernel: pci 0000:00:05.0: reg 0x10: [mem 0x80110000-0x80113fff]
Jan 30 11:41:06 ip-172-31-19-31 kernel: pci 0000:00:05.0: reg 0x18: [mem 0x80000000-0x800fffff pref]
Jan 30 11:41:06 ip-172-31-19-31 kernel: pci 0000:00:05.0: reg 0x20: [mem 0x80100000-0x8010ffff]
Jan 30 11:41:06 ip-172-31-19-31 kernel: pci 0000:00:05.0: PME# supported from D0 D1 D2 D3hot D3cold
Jan 30 11:41:06 ip-172-31-19-31 kernel: pci 0000:00:05.0: BAR 2: assigned [mem 0x80000000-0x800fffff pref]
Jan 30 11:41:06 ip-172-31-19-31 kernel: pci 0000:00:05.0: BAR 4: assigned [mem 0x80100000-0x8010ffff]
Jan 30 11:41:06 ip-172-31-19-31 kernel: pci 0000:00:04.0: BAR 0: assigned [mem 0x80110000-0x80113fff]
Jan 30 11:41:06 ip-172-31-19-31 kernel: pci 0000:00:05.0: BAR 0: assigned [mem 0x80114000-0x80117fff]
Jan 30 11:41:06 ip-172-31-19-31 kernel: pci 0000:00:01.0: BAR 0: assigned [mem 0x80118000-0x80118fff]
Jan 30 11:41:06 ip-172-31-19-31 kernel: pci_bus 0000:00: resource 4 [mem 0x80000000-0xffffffff window]
Jan 30 11:41:06 ip-172-31-19-31 kernel: pci_bus 0000:00: resource 5 [io  0x0000-0xffff window]
Jan 30 11:41:06 ip-172-31-19-31 kernel: pci_bus 0000:00: resource 6 [mem 0x400000000000-0x407fffffffff window]
Jan 30 11:41:06 ip-172-31-19-31 kernel: ACPI: PCI: Interrupt link GSI0 configured for IRQ 35
Jan 30 11:41:06 ip-172-31-19-31 kernel: ACPI: PCI: Interrupt link GSI1 configured for IRQ 36
Jan 30 11:41:06 ip-172-31-19-31 kernel: ACPI: PCI: Interrupt link GSI2 configured for IRQ 37
Jan 30 11:41:06 ip-172-31-19-31 kernel: ACPI: PCI: Interrupt link GSI3 configured for IRQ 38
Jan 30 11:41:06 ip-172-31-19-31 kernel: iommu: Default domain type: Translated 
Jan 30 11:41:06 ip-172-31-19-31 kernel: iommu: DMA domain TLB invalidation policy: lazy mode 
Jan 30 11:41:06 ip-172-31-19-31 kernel: pps_core: LinuxPPS API ver. 1 registered
Jan 30 11:41:06 ip-172-31-19-31 kernel: pps_core: Software ver. 5.3.6 - Copyright 2005-2007 Rodolfo Giometti <giometti@linux.it>
Jan 30 11:41:06 ip-172-31-19-31 kernel: PTP clock support registered
Jan 30 11:41:06 ip-172-31-19-31 kernel: EDAC MC: Ver: 3.0.0
Jan 30 11:41:06 ip-172-31-19-31 kernel: Registered efivars operations
Jan 30 11:41:06 ip-172-31-19-31 kernel: NetLabel: Initializing
Jan 30 11:41:06 ip-172-31-19-31 kernel: NetLabel:  domain hash size = 128
Jan 30 11:41:06 ip-172-31-19-31 kernel: NetLabel:  protocols = UNLABELED CIPSOv4 CALIPSO
Jan 30 11:41:06 ip-172-31-19-31 kernel: NetLabel:  unlabeled traffic allowed by default
Jan 30 11:41:06 ip-172-31-19-31 kernel: vgaarb: loaded
Jan 30 11:41:06 ip-172-31-19-31 kernel: clocksource: Switched to clocksource arch_sys_counter
Jan 30 11:41:06 ip-172-31-19-31 kernel: VFS: Disk quotas dquot_6.6.0
Jan 30 11:41:06 ip-172-31-19-31 kernel: VFS: Dquot-cache hash table entries: 512 (order 0, 4096 bytes)
Jan 30 11:41:06 ip-172-31-19-31 kernel: pnp: PnP ACPI init
Jan 30 11:41:06 ip-172-31-19-31 kernel: system 00:00: [mem 0x20000000-0x2fffffff] could not be reserved
Jan 30 11:41:06 ip-172-31-19-31 kernel: pnp: PnP ACPI: found 1 devices
Jan 30 11:41:06 ip-172-31-19-31 kernel: NET: Registered PF_INET protocol family
Jan 30 11:41:06 ip-172-31-19-31 kernel: IP idents hash table entries: 65536 (order: 7, 524288 bytes, linear)
Jan 30 11:41:06 ip-172-31-19-31 kernel: tcp_listen_portaddr_hash hash table entries: 2048 (order: 3, 32768 bytes, linear)
Jan 30 11:41:06 ip-172-31-19-31 kernel: Table-perturb hash table entries: 65536 (order: 6, 262144 bytes, linear)
Jan 30 11:41:06 ip-172-31-19-31 kernel: TCP established hash table entries: 32768 (order: 6, 262144 bytes, linear)
Jan 30 11:41:06 ip-172-31-19-31 kernel: TCP bind hash table entries: 32768 (order: 8, 1048576 bytes, linear)
Jan 30 11:41:06 ip-172-31-19-31 kernel: TCP: Hash tables configured (established 32768 bind 32768)
Jan 30 11:41:06 ip-172-31-19-31 kernel: MPTCP token hash table entries: 4096 (order: 4, 98304 bytes, linear)
Jan 30 11:41:06 ip-172-31-19-31 kernel: UDP hash table entries: 2048 (order: 4, 65536 bytes, linear)
Jan 30 11:41:06 ip-172-31-19-31 kernel: UDP-Lite hash table entries: 2048 (order: 4, 65536 bytes, linear)
Jan 30 11:41:06 ip-172-31-19-31 kernel: NET: Registered PF_UNIX/PF_LOCAL protocol family
Jan 30 11:41:06 ip-172-31-19-31 kernel: NET: Registered PF_XDP protocol family
Jan 30 11:41:06 ip-172-31-19-31 kernel: PCI: CLS 0 bytes, default 64
Jan 30 11:41:06 ip-172-31-19-31 kernel: Trying to unpack rootfs image as initramfs...
Jan 30 11:41:06 ip-172-31-19-31 kernel: hw perfevents: enabled with armv8_pmuv3_0 PMU driver, 3 counters available
Jan 30 11:41:06 ip-172-31-19-31 kernel: kvm [1]: HYP mode not available
Jan 30 11:41:06 ip-172-31-19-31 kernel: Initialise system trusted keyrings
Jan 30 11:41:06 ip-172-31-19-31 kernel: Key type blacklist registered
Jan 30 11:41:06 ip-172-31-19-31 kernel: workingset: timestamp_bits=44 max_order=20 bucket_order=0
Jan 30 11:41:06 ip-172-31-19-31 kernel: zbud: loaded
Jan 30 11:41:06 ip-172-31-19-31 kernel: SGI XFS with ACLs, security attributes, quota, no debug enabled
Jan 30 11:41:06 ip-172-31-19-31 kernel: integrity: Platform Keyring initialized
Jan 30 11:41:06 ip-172-31-19-31 kernel: Key type asymmetric registered
Jan 30 11:41:06 ip-172-31-19-31 kernel: Asymmetric key parser 'x509' registered
Jan 30 11:41:06 ip-172-31-19-31 kernel: Block layer SCSI generic (bsg) driver version 0.4 loaded (major 248)
Jan 30 11:41:06 ip-172-31-19-31 kernel: io scheduler mq-deadline registered
Jan 30 11:41:06 ip-172-31-19-31 kernel: io scheduler kyber registered
Jan 30 11:41:06 ip-172-31-19-31 kernel: io scheduler bfq registered
Jan 30 11:41:06 ip-172-31-19-31 kernel: pl061_gpio ARMH0061:00: PL061 GPIO chip registered
Jan 30 11:41:06 ip-172-31-19-31 kernel: shpchp: Standard Hot Plug PCI Controller Driver version: 0.4
Jan 30 11:41:06 ip-172-31-19-31 kernel: Serial: 8250/16550 driver, 4 ports, IRQ sharing disabled
Jan 30 11:41:06 ip-172-31-19-31 kernel: ACPI: \_SB_.PCI0.GSI2: Enabled at IRQ 37
Jan 30 11:41:06 ip-172-31-19-31 kernel: serial 0000:00:01.0: enabling device (0010 -> 0012)
Jan 30 11:41:06 ip-172-31-19-31 kernel: printk: console [ttyS0] disabled
Jan 30 11:41:06 ip-172-31-19-31 kernel: 0000:00:01.0: ttyS0 at MMIO 0x80118000 (irq = 14, base_baud = 115200) is a 16550A
Jan 30 11:41:06 ip-172-31-19-31 kernel: printk: console [ttyS0] enabled
Jan 30 11:41:06 ip-172-31-19-31 kernel: ACPI: \_SB_.PCI0.GSI0: Enabled at IRQ 35
Jan 30 11:41:06 ip-172-31-19-31 kernel: nvme nvme0: pci function 0000:00:04.0
Jan 30 11:41:06 ip-172-31-19-31 kernel: rtc-efi rtc-efi.0: registered as rtc0
Jan 30 11:41:06 ip-172-31-19-31 kernel: rtc-efi rtc-efi.0: setting system clock to 2025-01-30T11:41:06 UTC (1738237266)
Jan 30 11:41:06 ip-172-31-19-31 kernel: pstore: Registered efi as persistent store backend
Jan 30 11:41:06 ip-172-31-19-31 kernel: hid: raw HID events driver (C) Jiri Kosina
Jan 30 11:41:06 ip-172-31-19-31 kernel: NET: Registered PF_INET6 protocol family
Jan 30 11:41:06 ip-172-31-19-31 kernel: nvme nvme0: 2/0/0 default/read/poll queues
Jan 30 11:41:06 ip-172-31-19-31 kernel: GPT:Primary header thinks Alt. header is not at the end of the disk.
Jan 30 11:41:06 ip-172-31-19-31 kernel: GPT:16777215 != 20971519
Jan 30 11:41:06 ip-172-31-19-31 kernel: GPT:Alternate GPT header not at the end of the disk.
Jan 30 11:41:06 ip-172-31-19-31 kernel: GPT:16777215 != 20971519
Jan 30 11:41:06 ip-172-31-19-31 kernel: GPT: Use GNU Parted to correct GPT errors.
Jan 30 11:41:06 ip-172-31-19-31 kernel: nvme0n1: p1 p128
Jan 30 11:41:06 ip-172-31-19-31 kernel: Freeing initrd memory: 13464K
Jan 30 11:41:06 ip-172-31-19-31 kernel: Segment Routing with IPv6
Jan 30 11:41:06 ip-172-31-19-31 kernel: In-situ OAM (IOAM) with IPv6
Jan 30 11:41:06 ip-172-31-19-31 kernel: NET: Registered PF_PACKET protocol family
Jan 30 11:41:06 ip-172-31-19-31 kernel: registered taskstats version 1
Jan 30 11:41:06 ip-172-31-19-31 kernel: Loading compiled-in X.509 certificates
Jan 30 11:41:06 ip-172-31-19-31 kernel: Loaded X.509 cert 'Amazon.com: Amazon Linux Kernel Signing Key: 9987b58ed3aab29706d14a27674e0734500f7806'
Jan 30 11:41:06 ip-172-31-19-31 kernel: zswap: loaded using pool lzo/zbud
Jan 30 11:41:06 ip-172-31-19-31 kernel: Key type .fscrypt registered
Jan 30 11:41:06 ip-172-31-19-31 kernel: Key type fscrypt-provisioning registered
Jan 30 11:41:06 ip-172-31-19-31 kernel: pstore: Using crash dump compression: deflate
Jan 30 11:41:06 ip-172-31-19-31 kernel: ima: secureboot mode disabled
Jan 30 11:41:06 ip-172-31-19-31 kernel: ima: No TPM chip found, activating TPM-bypass!
Jan 30 11:41:06 ip-172-31-19-31 kernel: ima: Allocated hash algorithm: sha256
Jan 30 11:41:06 ip-172-31-19-31 kernel: ima: No architecture policies found
Jan 30 11:41:06 ip-172-31-19-31 kernel: clk: Disabling unused clocks
Jan 30 11:41:06 ip-172-31-19-31 kernel: Freeing unused kernel memory: 4480K
Jan 30 11:41:06 ip-172-31-19-31 kernel: Run /init as init process
Jan 30 11:41:06 ip-172-31-19-31 systemd[1]: systemd 252.23-2.amzn2023 running in system mode (+PAM +AUDIT +SELINUX -APPARMOR +IMA +SMACK +SECCOMP -GCRYPT -GNUTLS +OPENSSL +ACL +BLKID +CURL +ELFUTILS +FIDO2 +IDN2 -IDN -IPTC +KMOD +LIBCRYPTSETUP +LIBFDISK +PCRE2 +PWQUALITY +P11KIT +QRENCODE +TPM2 -BZIP2 -LZ4 +XZ -ZLIB -ZSTD +BPF_FRAMEWORK +XKBCOMMON +UTMP +SYSVINIT default-hierarchy=unified)
Jan 30 11:41:06 ip-172-31-19-31 systemd[1]: Detected virtualization amazon.
Jan 30 11:41:06 ip-172-31-19-31 systemd[1]: Detected architecture arm64.
Jan 30 11:41:06 ip-172-31-19-31 systemd[1]: Running in initrd.
Jan 30 11:41:06 ip-172-31-19-31 systemd[1]: No hostname configured, using default hostname.
Jan 30 11:41:06 ip-172-31-19-31 systemd[1]: Hostname set to <localhost>.
Jan 30 11:41:06 ip-172-31-19-31 systemd[1]: Initializing machine ID from VM UUID.
Jan 30 11:41:06 ip-172-31-19-31 systemd[1]: Queued start job for default target initrd.target.
Jan 30 11:41:06 ip-172-31-19-31 systemd[1]: Started systemd-ask-password-console.path - Dispatch Password Requests to Console Directory Watch.
Jan 30 11:41:06 ip-172-31-19-31 systemd[1]: Expecting device dev-disk-by\x2duuid-b2e7417e\x2de139\x2d4974\x2d87a3\x2d31b5cade972b.device - /dev/disk/by-uuid/b2e7417e-e139-4974-87a3-31b5cade972b...
Jan 30 11:41:06 ip-172-31-19-31 systemd[1]: Reached target initrd-usr-fs.target - Initrd /usr File System.
Jan 30 11:41:06 ip-172-31-19-31 systemd[1]: Reached target local-fs.target - Local File Systems.
Jan 30 11:41:06 ip-172-31-19-31 systemd[1]: Reached target paths.target - Path Units.
Jan 30 11:41:06 ip-172-31-19-31 systemd[1]: Reached target slices.target - Slice Units.
Jan 30 11:41:06 ip-172-31-19-31 systemd[1]: Reached target swap.target - Swaps.
Jan 30 11:41:06 ip-172-31-19-31 systemd[1]: Reached target timers.target - Timer Units.
Jan 30 11:41:06 ip-172-31-19-31 systemd[1]: Listening on systemd-journald-audit.socket - Journal Audit Socket.
Jan 30 11:41:06 ip-172-31-19-31 systemd[1]: Listening on systemd-journald-dev-log.socket - Journal Socket (/dev/log).
Jan 30 11:41:06 ip-172-31-19-31 systemd[1]: Listening on systemd-journald.socket - Journal Socket.
Jan 30 11:41:06 ip-172-31-19-31 systemd[1]: Listening on systemd-udevd-control.socket - udev Control Socket.
Jan 30 11:41:06 ip-172-31-19-31 systemd[1]: Listening on systemd-udevd-kernel.socket - udev Kernel Socket.
Jan 30 11:41:06 ip-172-31-19-31 systemd[1]: Reached target sockets.target - Socket Units.
Jan 30 11:41:06 ip-172-31-19-31 systemd[1]: kmod-static-nodes.service - Create List of Static Device Nodes was skipped because of an unmet condition check (ConditionFileNotEmpty=/lib/modules/6.1.124-134.200.amzn2023.aarch64/modules.devname).
Jan 30 11:41:06 ip-172-31-19-31 systemd[1]: Starting systemd-journald.service - Journal Service...
Jan 30 11:41:06 ip-172-31-19-31 systemd[1]: systemd-modules-load.service - Load Kernel Modules was skipped because no trigger condition checks were met.
Jan 30 11:41:06 ip-172-31-19-31 systemd[1]: Starting systemd-sysctl.service - Apply Kernel Variables...
Jan 30 11:41:06 ip-172-31-19-31 systemd[1]: Starting systemd-sysusers.service - Create System Users...
Jan 30 11:41:06 ip-172-31-19-31 systemd[1]: Starting systemd-vconsole-setup.service - Setup Virtual Console...
Jan 30 11:41:06 ip-172-31-19-31 systemd[1]: Finished systemd-sysusers.service - Create System Users.
Jan 30 11:41:06 ip-172-31-19-31 kernel: audit: type=1130 audit(1738237266.879:2): pid=1 uid=0 auid=4294967295 ses=4294967295 subj=kernel msg='unit=systemd-sysusers comm="systemd" exe="/usr/lib/systemd/systemd" hostname=? addr=? terminal=? res=success'
Jan 30 11:41:06 ip-172-31-19-31 systemd[1]: Finished systemd-vconsole-setup.service - Setup Virtual Console.
Jan 30 11:41:06 ip-172-31-19-31 systemd[1]: dracut-cmdline-ask.service - dracut ask for additional cmdline parameters was skipped because no trigger condition checks were met.
Jan 30 11:41:06 ip-172-31-19-31 systemd[1]: Starting dracut-cmdline.service - dracut cmdline hook...
Jan 30 11:41:06 ip-172-31-19-31 systemd[1]: Starting systemd-tmpfiles-setup-dev.service - Create Static Device Nodes in /dev...
Jan 30 11:41:06 ip-172-31-19-31 kernel: audit: type=1130 audit(1738237266.879:3): pid=1 uid=0 auid=4294967295 ses=4294967295 subj=kernel msg='unit=systemd-vconsole-setup comm="systemd" exe="/usr/lib/systemd/systemd" hostname=? addr=? terminal=? res=success'
Jan 30 11:41:06 ip-172-31-19-31 systemd[1]: Finished systemd-tmpfiles-setup-dev.service - Create Static Device Nodes in /dev.
Jan 30 11:41:06 ip-172-31-19-31 kernel: audit: type=1130 audit(1738237266.889:4): pid=1 uid=0 auid=4294967295 ses=4294967295 subj=kernel msg='unit=systemd-tmpfiles-setup-dev comm="systemd" exe="/usr/lib/systemd/systemd" hostname=? addr=? terminal=? res=success'
Jan 30 11:41:06 ip-172-31-19-31 systemd-journald[320]: Journal started
Jan 30 11:41:06 ip-172-31-19-31 systemd-journald[320]: Runtime Journal (/run/log/journal/ec24484af170b01aa49d13867ecff618) is 8.0M, max 76.2M, 68.2M free.
Jan 30 11:41:06 ip-172-31-19-31 audit[1]: SERVICE_START pid=1 uid=0 auid=4294967295 ses=4294967295 subj=kernel msg='unit=systemd-sysusers comm="systemd" exe="/usr/lib/systemd/systemd" hostname=? addr=? terminal=? res=success'
Jan 30 11:41:06 ip-172-31-19-31 audit[1]: SERVICE_START pid=1 uid=0 auid=4294967295 ses=4294967295 subj=kernel msg='unit=systemd-vconsole-setup comm="systemd" exe="/usr/lib/systemd/systemd" hostname=? addr=? terminal=? res=success'
Jan 30 11:41:06 ip-172-31-19-31 audit[1]: SERVICE_START pid=1 uid=0 auid=4294967295 ses=4294967295 subj=kernel msg='unit=systemd-tmpfiles-setup-dev comm="systemd" exe="/usr/lib/systemd/systemd" hostname=? addr=? terminal=? res=success'
Jan 30 11:41:06 ip-172-31-19-31 audit[1]: SERVICE_START pid=1 uid=0 auid=4294967295 ses=4294967295 subj=kernel msg='unit=systemd-journald comm="systemd" exe="/usr/lib/systemd/systemd" hostname=? addr=? terminal=? res=success'
Jan 30 11:41:06 ip-172-31-19-31 systemd-sysusers[322]: Creating group 'nobody' with GID 65534.
Jan 30 11:41:06 ip-172-31-19-31 systemd-sysusers[322]: Creating group 'users' with GID 100.
Jan 30 11:41:06 ip-172-31-19-31 systemd[1]: Started systemd-journald.service - Journal Service.
Jan 30 11:41:06 ip-172-31-19-31 kernel: audit: type=1130 audit(1738237266.889:5): pid=1 uid=0 auid=4294967295 ses=4294967295 subj=kernel msg='unit=systemd-journald comm="systemd" exe="/usr/lib/systemd/systemd" hostname=? addr=? terminal=? res=success'
Jan 30 11:41:06 ip-172-31-19-31 kernel: audit: type=1130 audit(1738237266.899:6): pid=1 uid=0 auid=4294967295 ses=4294967295 subj=kernel msg='unit=systemd-sysctl comm="systemd" exe="/usr/lib/systemd/systemd" hostname=? addr=? terminal=? res=success'
Jan 30 11:41:06 ip-172-31-19-31 kernel: audit: type=1130 audit(1738237266.899:7): pid=1 uid=0 auid=4294967295 ses=4294967295 subj=kernel msg='unit=systemd-tmpfiles-setup comm="systemd" exe="/usr/lib/systemd/systemd" hostname=? addr=? terminal=? res=success'
Jan 30 11:41:06 ip-172-31-19-31 audit[1]: SERVICE_START pid=1 uid=0 auid=4294967295 ses=4294967295 subj=kernel msg='unit=systemd-sysctl comm="systemd" exe="/usr/lib/systemd/systemd" hostname=? addr=? terminal=? res=success'
Jan 30 11:41:06 ip-172-31-19-31 audit[1]: SERVICE_START pid=1 uid=0 auid=4294967295 ses=4294967295 subj=kernel msg='unit=systemd-tmpfiles-setup comm="systemd" exe="/usr/lib/systemd/systemd" hostname=? addr=? terminal=? res=success'
Jan 30 11:41:06 ip-172-31-19-31 systemd-sysusers[322]: Creating group 'systemd-journal' with GID 190.
Jan 30 11:41:06 ip-172-31-19-31 systemd[1]: Starting systemd-tmpfiles-setup.service - Create Volatile Files and Directories...
Jan 30 11:41:06 ip-172-31-19-31 systemd-tmpfiles[335]: /usr/lib/tmpfiles.d/var.conf:14: Duplicate line for path "/var/log", ignoring.
Jan 30 11:41:06 ip-172-31-19-31 dracut-cmdline[327]: dracut-102-3.amzn2023.0.1
Jan 30 11:41:06 ip-172-31-19-31 dracut-cmdline[327]: Using kernel command line parameters:    BOOT_IMAGE=(hd0,gpt1)/boot/vmlinuz-6.1.124-134.200.amzn2023.aarch64 root=UUID=b2e7417e-e139-4974-87a3-31b5cade972b ro console=tty0 console=ttyS0,115200n8 nvme_core.io_timeout=4294967295 rd.emergency=poweroff rd.shell=0 selinux=1 security=selinux quiet numa_cma=1:64M
Jan 30 11:41:06 ip-172-31-19-31 systemd[1]: Finished systemd-sysctl.service - Apply Kernel Variables.
Jan 30 11:41:06 ip-172-31-19-31 systemd[1]: Finished systemd-tmpfiles-setup.service - Create Volatile Files and Directories.
Jan 30 11:41:06 ip-172-31-19-31 systemd[1]: Finished dracut-cmdline.service - dracut cmdline hook.
Jan 30 11:41:06 ip-172-31-19-31 systemd[1]: dracut-pre-udev.service - dracut pre-udev hook was skipped because no trigger condition checks were met.
Jan 30 11:41:06 ip-172-31-19-31 audit[1]: SERVICE_START pid=1 uid=0 auid=4294967295 ses=4294967295 subj=kernel msg='unit=dracut-cmdline comm="systemd" exe="/usr/lib/systemd/systemd" hostname=? addr=? terminal=? res=success'
Jan 30 11:41:06 ip-172-31-19-31 audit: BPF prog-id=6 op=LOAD
Jan 30 11:41:06 ip-172-31-19-31 audit: BPF prog-id=7 op=LOAD
Jan 30 11:41:06 ip-172-31-19-31 systemd[1]: Starting systemd-udevd.service - Rule-based Manager for Device Events and Files...
Jan 30 11:41:06 ip-172-31-19-31 kernel: audit: type=1130 audit(1738237266.929:8): pid=1 uid=0 auid=4294967295 ses=4294967295 subj=kernel msg='unit=dracut-cmdline comm="systemd" exe="/usr/lib/systemd/systemd" hostname=? addr=? terminal=? res=success'
Jan 30 11:41:06 ip-172-31-19-31 kernel: audit: type=1334 audit(1738237266.929:9): prog-id=6 op=LOAD
Jan 30 11:41:06 ip-172-31-19-31 kernel: audit: type=1334 audit(1738237266.929:10): prog-id=7 op=LOAD
Jan 30 11:41:06 ip-172-31-19-31 systemd-udevd[384]: Using default interface naming scheme 'v252'.
Jan 30 11:41:06 ip-172-31-19-31 systemd[1]: Started systemd-udevd.service - Rule-based Manager for Device Events and Files.
Jan 30 11:41:06 ip-172-31-19-31 audit[1]: SERVICE_START pid=1 uid=0 auid=4294967295 ses=4294967295 subj=kernel msg='unit=systemd-udevd comm="systemd" exe="/usr/lib/systemd/systemd" hostname=? addr=? terminal=? res=success'
Jan 30 11:41:06 ip-172-31-19-31 systemd[1]: Starting dracut-pre-trigger.service - dracut pre-trigger hook...
Jan 30 11:41:06 ip-172-31-19-31 systemd[1]: Finished dracut-pre-trigger.service - dracut pre-trigger hook.
Jan 30 11:41:06 ip-172-31-19-31 audit[1]: SERVICE_START pid=1 uid=0 auid=4294967295 ses=4294967295 subj=kernel msg='unit=dracut-pre-trigger comm="systemd" exe="/usr/lib/systemd/systemd" hostname=? addr=? terminal=? res=success'
Jan 30 11:41:06 ip-172-31-19-31 systemd[1]: Starting systemd-udev-trigger.service - Coldplug All udev Devices...
Jan 30 11:41:07 ip-172-31-19-31 systemd[1]: Finished systemd-udev-trigger.service - Coldplug All udev Devices.
Jan 30 11:41:07 ip-172-31-19-31 systemd[1]: Reached target sysinit.target - System Initialization.
Jan 30 11:41:07 ip-172-31-19-31 systemd[1]: Reached target basic.target - Basic System.
Jan 30 11:41:07 ip-172-31-19-31 systemd[1]: dracut-initqueue.service - dracut initqueue hook was skipped because no trigger condition checks were met.
Jan 30 11:41:07 ip-172-31-19-31 systemd[1]: Reached target remote-fs-pre.target - Preparation for Remote File Systems.
Jan 30 11:41:07 ip-172-31-19-31 systemd[1]: Reached target remote-fs.target - Remote File Systems.
Jan 30 11:41:07 ip-172-31-19-31 systemd[1]: dracut-pre-mount.service - dracut pre-mount hook was skipped because no trigger condition checks were met.
Jan 30 11:41:07 ip-172-31-19-31 systemd[1]: Started rngd.service - Hardware RNG Entropy Gatherer Daemon.
Jan 30 11:41:07 ip-172-31-19-31 audit[1]: SERVICE_START pid=1 uid=0 auid=4294967295 ses=4294967295 subj=kernel msg='unit=systemd-udev-trigger comm="systemd" exe="/usr/lib/systemd/systemd" hostname=? addr=? terminal=? res=success'
Jan 30 11:41:07 ip-172-31-19-31 audit[1]: SERVICE_START pid=1 uid=0 auid=4294967295 ses=4294967295 subj=kernel msg='unit=rngd comm="systemd" exe="/usr/lib/systemd/systemd" hostname=? addr=? terminal=? res=success'
Jan 30 11:41:07 ip-172-31-19-31 rngd[781]: Disabling 7: PKCS11 Entropy generator (pkcs11)
Jan 30 11:41:07 ip-172-31-19-31 rngd[781]: Disabling 5: NIST Network Entropy Beacon (nist)
Jan 30 11:41:07 ip-172-31-19-31 rngd[781]: Initializing available sources
Jan 30 11:41:07 ip-172-31-19-31 rngd[781]: [hwrng ]: Initialization Failed
Jan 30 11:41:07 ip-172-31-19-31 rngd[781]: [rndr  ]: No HW SUPPORT
Jan 30 11:41:07 ip-172-31-19-31 rngd[781]: [rndr  ]: Initialization Failed
Jan 30 11:41:07 ip-172-31-19-31 rngd[781]: [jitter]: Initializing AES buffer
Jan 30 11:41:07 ip-172-31-19-31 systemd[1]: Found device dev-disk-by\x2duuid-b2e7417e\x2de139\x2d4974\x2d87a3\x2d31b5cade972b.device - Amazon Elastic Block Store /.
Jan 30 11:41:07 ip-172-31-19-31 systemd[1]: Reached target initrd-root-device.target - Initrd Root Device.
Jan 30 11:41:07 ip-172-31-19-31 systemd[1]: Mounting sysroot.mount - /sysroot...
Jan 30 11:41:07 ip-172-31-19-31 kernel: XFS (nvme0n1p1): Mounting V5 Filesystem
Jan 30 11:41:07 ip-172-31-19-31 kernel: XFS (nvme0n1p1): Ending clean mount
Jan 30 11:41:07 ip-172-31-19-31 systemd[1]: Mounted sysroot.mount - /sysroot.
Jan 30 11:41:07 ip-172-31-19-31 systemd[1]: Reached target initrd-root-fs.target - Initrd Root File System.
Jan 30 11:41:07 ip-172-31-19-31 systemd[1]: Starting initrd-parse-etc.service - Mountpoints Configured in the Real Root...
Jan 30 11:41:07 ip-172-31-19-31 systemd[1]: initrd-parse-etc.service: Deactivated successfully.
Jan 30 11:41:07 ip-172-31-19-31 systemd[1]: Finished initrd-parse-etc.service - Mountpoints Configured in the Real Root.
Jan 30 11:41:07 ip-172-31-19-31 audit[1]: SERVICE_START pid=1 uid=0 auid=4294967295 ses=4294967295 subj=kernel msg='unit=initrd-parse-etc comm="systemd" exe="/usr/lib/systemd/systemd" hostname=? addr=? terminal=? res=success'
Jan 30 11:41:07 ip-172-31-19-31 audit[1]: SERVICE_STOP pid=1 uid=0 auid=4294967295 ses=4294967295 subj=kernel msg='unit=initrd-parse-etc comm="systemd" exe="/usr/lib/systemd/systemd" hostname=? addr=? terminal=? res=success'
Jan 30 11:41:07 ip-172-31-19-31 systemd[1]: Reached target initrd-fs.target - Initrd File Systems.
Jan 30 11:41:07 ip-172-31-19-31 systemd[1]: Reached target initrd.target - Initrd Default Target.
Jan 30 11:41:07 ip-172-31-19-31 systemd[1]: dracut-mount.service - dracut mount hook was skipped because no trigger condition checks were met.
Jan 30 11:41:07 ip-172-31-19-31 systemd[1]: dracut-pre-pivot.service - dracut pre-pivot and cleanup hook was skipped because no trigger condition checks were met.
Jan 30 11:41:07 ip-172-31-19-31 systemd[1]: Starting initrd-cleanup.service - Cleaning Up and Shutting Down Daemons...
Jan 30 11:41:07 ip-172-31-19-31 systemd[1]: Stopped target initrd.target - Initrd Default Target.
Jan 30 11:41:07 ip-172-31-19-31 systemd[1]: Stopped target initrd-root-device.target - Initrd Root Device.
Jan 30 11:41:07 ip-172-31-19-31 systemd[1]: Stopped target initrd-usr-fs.target - Initrd /usr File System.
Jan 30 11:41:07 ip-172-31-19-31 systemd[1]: Stopped target remote-fs.target - Remote File Systems.
Jan 30 11:41:07 ip-172-31-19-31 systemd[1]: Stopped target remote-fs-pre.target - Preparation for Remote File Systems.
Jan 30 11:41:07 ip-172-31-19-31 systemd[1]: Stopped target timers.target - Timer Units.
Jan 30 11:41:07 ip-172-31-19-31 systemd[1]: dracut-cmdline.service: Deactivated successfully.
Jan 30 11:41:07 ip-172-31-19-31 systemd[1]: Stopped dracut-cmdline.service - dracut cmdline hook.
Jan 30 11:41:07 ip-172-31-19-31 audit[1]: SERVICE_STOP pid=1 uid=0 auid=4294967295 ses=4294967295 subj=kernel msg='unit=dracut-cmdline comm="systemd" exe="/usr/lib/systemd/systemd" hostname=? addr=? terminal=? res=success'
Jan 30 11:41:07 ip-172-31-19-31 systemd[1]: Stopping rngd.service - Hardware RNG Entropy Gatherer Daemon...
Jan 30 11:41:07 ip-172-31-19-31 systemd[1]: systemd-vconsole-setup.service: Deactivated successfully.
Jan 30 11:41:07 ip-172-31-19-31 systemd[1]: Stopped systemd-vconsole-setup.service - Setup Virtual Console.
Jan 30 11:41:07 ip-172-31-19-31 audit[1]: SERVICE_STOP pid=1 uid=0 auid=4294967295 ses=4294967295 subj=kernel msg='unit=systemd-vconsole-setup comm="systemd" exe="/usr/lib/systemd/systemd" hostname=? addr=? terminal=? res=success'
Jan 30 11:41:07 ip-172-31-19-31 systemd[1]: initrd-cleanup.service: Deactivated successfully.
Jan 30 11:41:07 ip-172-31-19-31 systemd[1]: Finished initrd-cleanup.service - Cleaning Up and Shutting Down Daemons.
Jan 30 11:41:07 ip-172-31-19-31 audit[1]: SERVICE_START pid=1 uid=0 auid=4294967295 ses=4294967295 subj=kernel msg='unit=initrd-cleanup comm="systemd" exe="/usr/lib/systemd/systemd" hostname=? addr=? terminal=? res=success'
Jan 30 11:41:07 ip-172-31-19-31 audit[1]: SERVICE_STOP pid=1 uid=0 auid=4294967295 ses=4294967295 subj=kernel msg='unit=initrd-cleanup comm="systemd" exe="/usr/lib/systemd/systemd" hostname=? addr=? terminal=? res=success'
Jan 30 11:41:07 ip-172-31-19-31 systemd[1]: rngd.service: Deactivated successfully.
Jan 30 11:41:07 ip-172-31-19-31 systemd[1]: Stopped rngd.service - Hardware RNG Entropy Gatherer Daemon.
Jan 30 11:41:07 ip-172-31-19-31 audit[1]: SERVICE_STOP pid=1 uid=0 auid=4294967295 ses=4294967295 subj=kernel msg='unit=rngd comm="systemd" exe="/usr/lib/systemd/systemd" hostname=? addr=? terminal=? res=success'
Jan 30 11:41:07 ip-172-31-19-31 systemd[1]: Stopped target basic.target - Basic System.
Jan 30 11:41:07 ip-172-31-19-31 systemd[1]: Stopped target paths.target - Path Units.
Jan 30 11:41:07 ip-172-31-19-31 systemd[1]: systemd-ask-password-console.path: Deactivated successfully.
Jan 30 11:41:07 ip-172-31-19-31 systemd[1]: Stopped systemd-ask-password-console.path - Dispatch Password Requests to Console Directory Watch.
Jan 30 11:41:07 ip-172-31-19-31 systemd[1]: Stopped target slices.target - Slice Units.
Jan 30 11:41:07 ip-172-31-19-31 systemd[1]: Stopped target sockets.target - Socket Units.
Jan 30 11:41:07 ip-172-31-19-31 systemd[1]: Stopped target sysinit.target - System Initialization.
Jan 30 11:41:07 ip-172-31-19-31 systemd[1]: Stopped target swap.target - Swaps.
Jan 30 11:41:07 ip-172-31-19-31 systemd[1]: systemd-sysctl.service: Deactivated successfully.
Jan 30 11:41:07 ip-172-31-19-31 systemd[1]: Stopped systemd-sysctl.service - Apply Kernel Variables.
Jan 30 11:41:07 ip-172-31-19-31 audit[1]: SERVICE_STOP pid=1 uid=0 auid=4294967295 ses=4294967295 subj=kernel msg='unit=systemd-sysctl comm="systemd" exe="/usr/lib/systemd/systemd" hostname=? addr=? terminal=? res=success'
Jan 30 11:41:07 ip-172-31-19-31 systemd[1]: systemd-tmpfiles-setup.service: Deactivated successfully.
Jan 30 11:41:07 ip-172-31-19-31 systemd[1]: Stopped systemd-tmpfiles-setup.service - Create Volatile Files and Directories.
Jan 30 11:41:07 ip-172-31-19-31 audit[1]: SERVICE_STOP pid=1 uid=0 auid=4294967295 ses=4294967295 subj=kernel msg='unit=systemd-tmpfiles-setup comm="systemd" exe="/usr/lib/systemd/systemd" hostname=? addr=? terminal=? res=success'
Jan 30 11:41:07 ip-172-31-19-31 systemd[1]: Stopped target local-fs.target - Local File Systems.
Jan 30 11:41:07 ip-172-31-19-31 systemd[1]: systemd-udev-trigger.service: Deactivated successfully.
Jan 30 11:41:07 ip-172-31-19-31 systemd[1]: Stopped systemd-udev-trigger.service - Coldplug All udev Devices.
Jan 30 11:41:07 ip-172-31-19-31 audit[1]: SERVICE_STOP pid=1 uid=0 auid=4294967295 ses=4294967295 subj=kernel msg='unit=systemd-udev-trigger comm="systemd" exe="/usr/lib/systemd/systemd" hostname=? addr=? terminal=? res=success'
Jan 30 11:41:07 ip-172-31-19-31 systemd[1]: dracut-pre-trigger.service: Deactivated successfully.
Jan 30 11:41:07 ip-172-31-19-31 systemd[1]: Stopped dracut-pre-trigger.service - dracut pre-trigger hook.
Jan 30 11:41:07 ip-172-31-19-31 audit[1]: SERVICE_STOP pid=1 uid=0 auid=4294967295 ses=4294967295 subj=kernel msg='unit=dracut-pre-trigger comm="systemd" exe="/usr/lib/systemd/systemd" hostname=? addr=? terminal=? res=success'
Jan 30 11:41:07 ip-172-31-19-31 systemd[1]: Stopping systemd-udevd.service - Rule-based Manager for Device Events and Files...
Jan 30 11:41:07 ip-172-31-19-31 systemd[1]: systemd-udevd.service: Deactivated successfully.
Jan 30 11:41:07 ip-172-31-19-31 systemd[1]: Stopped systemd-udevd.service - Rule-based Manager for Device Events and Files.
Jan 30 11:41:07 ip-172-31-19-31 audit[1]: SERVICE_STOP pid=1 uid=0 auid=4294967295 ses=4294967295 subj=kernel msg='unit=systemd-udevd comm="systemd" exe="/usr/lib/systemd/systemd" hostname=? addr=? terminal=? res=success'
Jan 30 11:41:07 ip-172-31-19-31 systemd[1]: systemd-udevd-control.socket: Deactivated successfully.
Jan 30 11:41:07 ip-172-31-19-31 systemd[1]: Closed systemd-udevd-control.socket - udev Control Socket.
Jan 30 11:41:07 ip-172-31-19-31 systemd[1]: systemd-udevd-kernel.socket: Deactivated successfully.
Jan 30 11:41:07 ip-172-31-19-31 systemd[1]: Closed systemd-udevd-kernel.socket - udev Kernel Socket.
Jan 30 11:41:07 ip-172-31-19-31 systemd[1]: Starting initrd-udevadm-cleanup-db.service - Cleanup udev Database...
Jan 30 11:41:07 ip-172-31-19-31 systemd[1]: systemd-tmpfiles-setup-dev.service: Deactivated successfully.
Jan 30 11:41:07 ip-172-31-19-31 systemd[1]: Stopped systemd-tmpfiles-setup-dev.service - Create Static Device Nodes in /dev.
Jan 30 11:41:07 ip-172-31-19-31 audit[1]: SERVICE_STOP pid=1 uid=0 auid=4294967295 ses=4294967295 subj=kernel msg='unit=systemd-tmpfiles-setup-dev comm="systemd" exe="/usr/lib/systemd/systemd" hostname=? addr=? terminal=? res=success'
Jan 30 11:41:07 ip-172-31-19-31 systemd[1]: systemd-sysusers.service: Deactivated successfully.
Jan 30 11:41:07 ip-172-31-19-31 systemd[1]: Stopped systemd-sysusers.service - Create System Users.
Jan 30 11:41:07 ip-172-31-19-31 audit[1]: SERVICE_STOP pid=1 uid=0 auid=4294967295 ses=4294967295 subj=kernel msg='unit=systemd-sysusers comm="systemd" exe="/usr/lib/systemd/systemd" hostname=? addr=? terminal=? res=success'
Jan 30 11:41:07 ip-172-31-19-31 systemd[1]: initrd-udevadm-cleanup-db.service: Deactivated successfully.
Jan 30 11:41:07 ip-172-31-19-31 systemd[1]: Finished initrd-udevadm-cleanup-db.service - Cleanup udev Database.
Jan 30 11:41:07 ip-172-31-19-31 audit[1]: SERVICE_START pid=1 uid=0 auid=4294967295 ses=4294967295 subj=kernel msg='unit=initrd-udevadm-cleanup-db comm="systemd" exe="/usr/lib/systemd/systemd" hostname=? addr=? terminal=? res=success'
Jan 30 11:41:07 ip-172-31-19-31 audit[1]: SERVICE_STOP pid=1 uid=0 auid=4294967295 ses=4294967295 subj=kernel msg='unit=initrd-udevadm-cleanup-db comm="systemd" exe="/usr/lib/systemd/systemd" hostname=? addr=? terminal=? res=success'
Jan 30 11:41:07 ip-172-31-19-31 systemd[1]: Reached target initrd-switch-root.target - Switch Root.
Jan 30 11:41:07 ip-172-31-19-31 systemd[1]: Starting initrd-switch-root.service - Switch Root...
Jan 30 11:41:07 ip-172-31-19-31 systemd[1]: Switching root.
Jan 30 11:41:07 ip-172-31-19-31 systemd-journald[320]: Journal stopped
Jan 30 11:41:08 ip-172-31-19-31 systemd-journald[320]: Received SIGTERM from PID 1 (systemd).
Jan 30 11:41:08 ip-172-31-19-31 kernel: SELinux:  Class user_namespace not defined in policy.
Jan 30 11:41:08 ip-172-31-19-31 kernel: SELinux: the above unknown classes and permissions will be allowed
Jan 30 11:41:08 ip-172-31-19-31 kernel: SELinux:  policy capability network_peer_controls=1
Jan 30 11:41:08 ip-172-31-19-31 kernel: SELinux:  policy capability open_perms=1
Jan 30 11:41:08 ip-172-31-19-31 kernel: SELinux:  policy capability extended_socket_class=1
Jan 30 11:41:08 ip-172-31-19-31 kernel: SELinux:  policy capability always_check_network=0
Jan 30 11:41:08 ip-172-31-19-31 kernel: SELinux:  policy capability cgroup_seclabel=1
Jan 30 11:41:08 ip-172-31-19-31 kernel: SELinux:  policy capability nnp_nosuid_transition=1
Jan 30 11:41:08 ip-172-31-19-31 kernel: SELinux:  policy capability genfs_seclabel_symlinks=1
Jan 30 11:41:08 ip-172-31-19-31 kernel: SELinux:  policy capability ioctl_skip_cloexec=0
Jan 30 11:41:08 ip-172-31-19-31 systemd[1]: Successfully loaded SELinux policy in 144.496ms.
Jan 30 11:41:08 ip-172-31-19-31 systemd[1]: Relabelled /dev, /dev/shm, /run, /sys/fs/cgroup in 22.241ms.
Jan 30 11:41:08 ip-172-31-19-31 systemd[1]: systemd 252.23-2.amzn2023 running in system mode (+PAM +AUDIT +SELINUX -APPARMOR +IMA +SMACK +SECCOMP -GCRYPT -GNUTLS +OPENSSL +ACL +BLKID +CURL +ELFUTILS +FIDO2 +IDN2 -IDN -IPTC +KMOD +LIBCRYPTSETUP +LIBFDISK +PCRE2 +PWQUALITY +P11KIT +QRENCODE +TPM2 -BZIP2 -LZ4 +XZ -ZLIB -ZSTD +BPF_FRAMEWORK +XKBCOMMON +UTMP +SYSVINIT default-hierarchy=unified)
Jan 30 11:41:08 ip-172-31-19-31 systemd[1]: Detected virtualization amazon.
Jan 30 11:41:08 ip-172-31-19-31 systemd[1]: Detected architecture arm64.
Jan 30 11:41:08 ip-172-31-19-31 systemd[1]: Hostname set to <ip-172-31-19-31.ec2.internal>.
Jan 30 11:41:08 ip-172-31-19-31 systemd[1]: bpf-lsm: Failed to link program; assuming BPF LSM is not available
Jan 30 11:41:08 ip-172-31-19-31 zram_generator::config[828]: zram0: system has too much memory (3812MB), limit is 800MB, ignoring.
Jan 30 11:41:08 ip-172-31-19-31 systemd[1]: /usr/lib/systemd/system/acpid.socket:6: ListenStream= references a path below legacy directory /var/run/, updating /var/run/acpid.socket  /run/acpid.socket; please update the unit file accordingly.
Jan 30 11:41:08 ip-172-31-19-31 systemd[1]: initrd-switch-root.service: Deactivated successfully.
Jan 30 11:41:08 ip-172-31-19-31 systemd[1]: Stopped initrd-switch-root.service - Switch Root.
Jan 30 11:41:08 ip-172-31-19-31 systemd[1]: systemd-journald.service: Scheduled restart job, restart counter is at 1.
Jan 30 11:41:08 ip-172-31-19-31 systemd[1]: Created slice system-getty.slice - Slice /system/getty.
Jan 30 11:41:08 ip-172-31-19-31 systemd[1]: Created slice system-modprobe.slice - Slice /system/modprobe.
Jan 30 11:41:08 ip-172-31-19-31 systemd[1]: Created slice system-serial\x2dgetty.slice - Slice /system/serial-getty.
Jan 30 11:41:08 ip-172-31-19-31 systemd[1]: Created slice system-sshd\x2dkeygen.slice - Slice /system/sshd-keygen.
Jan 30 11:41:08 ip-172-31-19-31 systemd[1]: Created slice user.slice - User and Session Slice.
Jan 30 11:41:08 ip-172-31-19-31 systemd[1]: Started systemd-ask-password-console.path - Dispatch Password Requests to Console Directory Watch.
Jan 30 11:41:08 ip-172-31-19-31 systemd[1]: Started systemd-ask-password-wall.path - Forward Password Requests to Wall Directory Watch.
Jan 30 11:41:08 ip-172-31-19-31 systemd[1]: Set up automount proc-sys-fs-binfmt_misc.automount - Arbitrary Executable File Formats File System Automount Point.
Jan 30 11:41:08 ip-172-31-19-31 systemd[1]: Expecting device dev-ttyS0.device - /dev/ttyS0...
Jan 30 11:41:08 ip-172-31-19-31 systemd[1]: Reached target aws-eb.target.
Jan 30 11:41:08 ip-172-31-19-31 systemd[1]: Reached target cryptsetup.target - Local Encrypted Volumes.
Jan 30 11:41:08 ip-172-31-19-31 systemd[1]: Stopped target initrd-switch-root.target - Switch Root.
Jan 30 11:41:08 ip-172-31-19-31 systemd[1]: Stopped target initrd-fs.target - Initrd File Systems.
Jan 30 11:41:08 ip-172-31-19-31 systemd[1]: Stopped target initrd-root-fs.target - Initrd Root File System.
Jan 30 11:41:08 ip-172-31-19-31 systemd[1]: Reached target integritysetup.target - Local Integrity Protected Volumes.
Jan 30 11:41:08 ip-172-31-19-31 systemd[1]: Reached target paths.target - Path Units.
Jan 30 11:41:08 ip-172-31-19-31 systemd[1]: Reached target slices.target - Slice Units.
Jan 30 11:41:08 ip-172-31-19-31 systemd[1]: Reached target swap.target - Swaps.
Jan 30 11:41:08 ip-172-31-19-31 systemd[1]: Reached target veritysetup.target - Local Verity Protected Volumes.
Jan 30 11:41:08 ip-172-31-19-31 systemd[1]: Listening on systemd-coredump.socket - Process Core Dump Socket.
Jan 30 11:41:08 ip-172-31-19-31 systemd[1]: Listening on systemd-initctl.socket - initctl Compatibility Named Pipe.
Jan 30 11:41:08 ip-172-31-19-31 systemd[1]: Listening on systemd-networkd.socket - Network Service Netlink Socket.
Jan 30 11:41:08 ip-172-31-19-31 systemd[1]: Listening on systemd-udevd-control.socket - udev Control Socket.
Jan 30 11:41:08 ip-172-31-19-31 systemd[1]: Listening on systemd-udevd-kernel.socket - udev Kernel Socket.
Jan 30 11:41:08 ip-172-31-19-31 systemd[1]: Listening on systemd-userdbd.socket - User Database Manager Socket.
Jan 30 11:41:08 ip-172-31-19-31 systemd[1]: Mounting dev-hugepages.mount - Huge Pages File System...
Jan 30 11:41:08 ip-172-31-19-31 systemd[1]: Mounting dev-mqueue.mount - POSIX Message Queue File System...
Jan 30 11:41:08 ip-172-31-19-31 systemd[1]: Mounting sys-kernel-debug.mount - Kernel Debug File System...
Jan 30 11:41:08 ip-172-31-19-31 systemd[1]: Mounting sys-kernel-tracing.mount - Kernel Trace File System...
Jan 30 11:41:08 ip-172-31-19-31 systemd[1]: Mounting tmp.mount - Temporary Directory /tmp...
Jan 30 11:41:08 ip-172-31-19-31 systemd[1]: auth-rpcgss-module.service - Kernel Module supporting RPCSEC_GSS was skipped because of an unmet condition check (ConditionPathExists=/etc/krb5.keytab).
Jan 30 11:41:08 ip-172-31-19-31 systemd[1]: Starting kmod-static-nodes.service - Create List of Static Device Nodes...
Jan 30 11:41:08 ip-172-31-19-31 systemd[1]: Starting modprobe@configfs.service - Load Kernel Module configfs...
Jan 30 11:41:08 ip-172-31-19-31 systemd[1]: Starting modprobe@dm_mod.service - Load Kernel Module dm_mod...
Jan 30 11:41:08 ip-172-31-19-31 systemd[1]: Starting modprobe@drm.service - Load Kernel Module drm...
Jan 30 11:41:08 ip-172-31-19-31 systemd[1]: Starting modprobe@efi_pstore.service - Load Kernel Module efi_pstore...
Jan 30 11:41:08 ip-172-31-19-31 systemd[1]: Starting modprobe@fuse.service - Load Kernel Module fuse...
Jan 30 11:41:08 ip-172-31-19-31 systemd[1]: Starting modprobe@loop.service - Load Kernel Module loop...
Jan 30 11:41:08 ip-172-31-19-31 systemd[1]: Starting nfs-convert.service - Preprocess NFS configuration convertion...
Jan 30 11:41:08 ip-172-31-19-31 systemd[1]: Starting systemd-fsck-root.service - File System Check on Root Device...
Jan 30 11:41:08 ip-172-31-19-31 systemd[1]: Stopped systemd-journald.service - Journal Service.
Jan 30 11:41:08 ip-172-31-19-31 systemd[1]: Starting systemd-journald.service - Journal Service...
Jan 30 11:41:08 ip-172-31-19-31 systemd[1]: systemd-modules-load.service - Load Kernel Modules was skipped because no trigger condition checks were met.
Jan 30 11:41:08 ip-172-31-19-31 systemd[1]: Starting systemd-network-generator.service - Generate network units from Kernel command line...
Jan 30 11:41:08 ip-172-31-19-31 systemd[1]: Starting systemd-sysctl.service - Apply Kernel Variables...
Jan 30 11:41:08 ip-172-31-19-31 systemd[1]: Starting systemd-udev-trigger.service - Coldplug All udev Devices...
Jan 30 11:41:08 ip-172-31-19-31 systemd[1]: Mounted dev-hugepages.mount - Huge Pages File System.
Jan 30 11:41:08 ip-172-31-19-31 systemd[1]: Mounted dev-mqueue.mount - POSIX Message Queue File System.
Jan 30 11:41:08 ip-172-31-19-31 systemd[1]: Mounted sys-kernel-debug.mount - Kernel Debug File System.
Jan 30 11:41:08 ip-172-31-19-31 systemd[1]: Mounted sys-kernel-tracing.mount - Kernel Trace File System.
Jan 30 11:41:08 ip-172-31-19-31 systemd[1]: Mounted tmp.mount - Temporary Directory /tmp.
Jan 30 11:41:08 ip-172-31-19-31 systemd[1]: Finished kmod-static-nodes.service - Create List of Static Device Nodes.
Jan 30 11:41:08 ip-172-31-19-31 systemd[1]: modprobe@configfs.service: Deactivated successfully.
Jan 30 11:41:08 ip-172-31-19-31 systemd[1]: Finished modprobe@configfs.service - Load Kernel Module configfs.
Jan 30 11:41:08 ip-172-31-19-31 systemd[1]: modprobe@drm.service: Deactivated successfully.
Jan 30 11:41:08 ip-172-31-19-31 systemd[1]: Finished modprobe@drm.service - Load Kernel Module drm.
Jan 30 11:41:08 ip-172-31-19-31 systemd[1]: modprobe@efi_pstore.service: Deactivated successfully.
Jan 30 11:41:08 ip-172-31-19-31 systemd[1]: Finished modprobe@efi_pstore.service - Load Kernel Module efi_pstore.
Jan 30 11:41:08 ip-172-31-19-31 systemd[1]: nfs-convert.service: Deactivated successfully.
Jan 30 11:41:08 ip-172-31-19-31 systemd[1]: Finished nfs-convert.service - Preprocess NFS configuration convertion.
Jan 30 11:41:08 ip-172-31-19-31 systemd[1]: Mounting sys-kernel-config.mount - Kernel Configuration File System...
Jan 30 11:41:08 ip-172-31-19-31 systemd[1]: Mounted sys-kernel-config.mount - Kernel Configuration File System.
Jan 30 11:41:08 ip-172-31-19-31 kernel: loop: module loaded
Jan 30 11:41:08 ip-172-31-19-31 systemd[1]: modprobe@loop.service: Deactivated successfully.
Jan 30 11:41:08 ip-172-31-19-31 systemd[1]: Finished modprobe@loop.service - Load Kernel Module loop.
Jan 30 11:41:08 ip-172-31-19-31 systemd[1]: Finished systemd-network-generator.service - Generate network units from Kernel command line.
Jan 30 11:41:08 ip-172-31-19-31 kernel: fuse: init (API version 7.38)
Jan 30 11:41:08 ip-172-31-19-31 systemd[1]: modprobe@fuse.service: Deactivated successfully.
Jan 30 11:41:08 ip-172-31-19-31 systemd[1]: Finished modprobe@fuse.service - Load Kernel Module fuse.
Jan 30 11:41:08 ip-172-31-19-31 systemd[1]: Mounting sys-fs-fuse-connections.mount - FUSE Control File System...
Jan 30 11:41:08 ip-172-31-19-31 systemd[1]: Mounted sys-fs-fuse-connections.mount - FUSE Control File System.
Jan 30 11:41:08 ip-172-31-19-31 systemd[1]: Finished systemd-sysctl.service - Apply Kernel Variables.
Jan 30 11:41:08 ip-172-31-19-31 systemd-journald[850]: Journal started
Jan 30 11:41:08 ip-172-31-19-31 systemd-journald[850]: Runtime Journal (/run/log/journal/ec250f71689c625e6558284e21d3ad28) is 8.0M, max 76.2M, 68.2M free.
Jan 30 11:41:08 ip-172-31-19-31 audit: MAC_POLICY_LOAD auid=4294967295 ses=4294967295 lsm=selinux res=1
Jan 30 11:41:08 ip-172-31-19-31 audit: BPF prog-id=8 op=LOAD
Jan 30 11:41:08 ip-172-31-19-31 audit: BPF prog-id=8 op=UNLOAD
Jan 30 11:41:08 ip-172-31-19-31 audit: BPF prog-id=9 op=LOAD
Jan 30 11:41:08 ip-172-31-19-31 audit: BPF prog-id=9 op=UNLOAD
Jan 30 11:41:08 ip-172-31-19-31 audit: BPF prog-id=10 op=LOAD
Jan 30 11:41:08 ip-172-31-19-31 audit: BPF prog-id=10 op=UNLOAD
Jan 30 11:41:08 ip-172-31-19-31 audit: BPF prog-id=11 op=LOAD
Jan 30 11:41:08 ip-172-31-19-31 audit: BPF prog-id=11 op=UNLOAD
Jan 30 11:41:08 ip-172-31-19-31 audit: BPF prog-id=12 op=LOAD
Jan 30 11:41:08 ip-172-31-19-31 audit: BPF prog-id=12 op=UNLOAD
Jan 30 11:41:08 ip-172-31-19-31 audit: BPF prog-id=13 op=LOAD
Jan 30 11:41:08 ip-172-31-19-31 audit: BPF prog-id=13 op=UNLOAD
Jan 30 11:41:08 ip-172-31-19-31 audit: BPF prog-id=14 op=LOAD
Jan 30 11:41:08 ip-172-31-19-31 audit: BPF prog-id=15 op=LOAD
Jan 30 11:41:08 ip-172-31-19-31 audit: BPF prog-id=14 op=UNLOAD
Jan 30 11:41:08 ip-172-31-19-31 audit: BPF prog-id=15 op=UNLOAD
Jan 30 11:41:08 ip-172-31-19-31 audit: BPF prog-id=16 op=LOAD
Jan 30 11:41:08 ip-172-31-19-31 audit: BPF prog-id=16 op=UNLOAD
Jan 30 11:41:08 ip-172-31-19-31 audit: BPF prog-id=17 op=LOAD
Jan 30 11:41:08 ip-172-31-19-31 audit: BPF prog-id=17 op=UNLOAD
Jan 30 11:41:08 ip-172-31-19-31 audit: BPF prog-id=18 op=LOAD
Jan 30 11:41:08 ip-172-31-19-31 audit: BPF prog-id=18 op=UNLOAD
Jan 30 11:41:08 ip-172-31-19-31 audit: BPF prog-id=19 op=LOAD
Jan 30 11:41:08 ip-172-31-19-31 audit: BPF prog-id=19 op=UNLOAD
Jan 30 11:41:08 ip-172-31-19-31 audit: BPF prog-id=20 op=LOAD
Jan 30 11:41:08 ip-172-31-19-31 audit: BPF prog-id=21 op=LOAD
Jan 30 11:41:08 ip-172-31-19-31 audit: BPF prog-id=21 op=UNLOAD
Jan 30 11:41:08 ip-172-31-19-31 audit: BPF prog-id=22 op=LOAD
Jan 30 11:41:08 ip-172-31-19-31 audit: BPF prog-id=20 op=UNLOAD
Jan 30 11:41:08 ip-172-31-19-31 audit: BPF prog-id=22 op=UNLOAD
Jan 30 11:41:08 ip-172-31-19-31 audit: BPF prog-id=23 op=LOAD
Jan 30 11:41:08 ip-172-31-19-31 audit: BPF prog-id=23 op=UNLOAD
Jan 30 11:41:08 ip-172-31-19-31 audit: BPF prog-id=24 op=LOAD
Jan 30 11:41:08 ip-172-31-19-31 audit: BPF prog-id=24 op=UNLOAD
Jan 30 11:41:08 ip-172-31-19-31 audit: BPF prog-id=25 op=LOAD
Jan 30 11:41:08 ip-172-31-19-31 audit: BPF prog-id=25 op=UNLOAD
Jan 30 11:41:08 ip-172-31-19-31 audit: BPF prog-id=26 op=LOAD
Jan 30 11:41:08 ip-172-31-19-31 audit: BPF prog-id=3 op=UNLOAD
Jan 30 11:41:08 ip-172-31-19-31 audit: BPF prog-id=27 op=LOAD
Jan 30 11:41:08 ip-172-31-19-31 audit: BPF prog-id=28 op=LOAD
Jan 30 11:41:08 ip-172-31-19-31 audit: BPF prog-id=4 op=UNLOAD
Jan 30 11:41:08 ip-172-31-19-31 audit: BPF prog-id=5 op=UNLOAD
Jan 30 11:41:08 ip-172-31-19-31 audit[1]: SERVICE_STOP pid=1 uid=0 auid=4294967295 ses=4294967295 subj=system_u:system_r:init_t:s0 msg='unit=systemd-journald comm="systemd" exe="/usr/lib/systemd/systemd" hostname=? addr=? terminal=? res=success'
Jan 30 11:41:08 ip-172-31-19-31 audit[1]: SERVICE_START pid=1 uid=0 auid=4294967295 ses=4294967295 subj=system_u:system_r:init_t:s0 msg='unit=initrd-switch-root comm="systemd" exe="/usr/lib/systemd/systemd" hostname=? addr=? terminal=? res=success'
Jan 30 11:41:08 ip-172-31-19-31 audit[1]: SERVICE_STOP pid=1 uid=0 auid=4294967295 ses=4294967295 subj=system_u:system_r:init_t:s0 msg='unit=initrd-switch-root comm="systemd" exe="/usr/lib/systemd/systemd" hostname=? addr=? terminal=? res=success'
Jan 30 11:41:08 ip-172-31-19-31 audit[1]: SERVICE_START pid=1 uid=0 auid=4294967295 ses=4294967295 subj=system_u:system_r:init_t:s0 msg='unit=systemd-journald comm="systemd" exe="/usr/lib/systemd/systemd" hostname=? addr=? terminal=? res=success'
Jan 30 11:41:08 ip-172-31-19-31 audit[1]: SERVICE_STOP pid=1 uid=0 auid=4294967295 ses=4294967295 subj=system_u:system_r:init_t:s0 msg='unit=systemd-journald comm="systemd" exe="/usr/lib/systemd/systemd" hostname=? addr=? terminal=? res=success'
Jan 30 11:41:08 ip-172-31-19-31 audit: BPF prog-id=29 op=LOAD
Jan 30 11:41:08 ip-172-31-19-31 audit: BPF prog-id=30 op=LOAD
Jan 30 11:41:08 ip-172-31-19-31 audit: BPF prog-id=31 op=LOAD
Jan 30 11:41:08 ip-172-31-19-31 audit[1]: SERVICE_START pid=1 uid=0 auid=4294967295 ses=4294967295 subj=system_u:system_r:init_t:s0 msg='unit=kmod-static-nodes comm="systemd" exe="/usr/lib/systemd/systemd" hostname=? addr=? terminal=? res=success'
Jan 30 11:41:08 ip-172-31-19-31 audit[1]: SERVICE_START pid=1 uid=0 auid=4294967295 ses=4294967295 subj=system_u:system_r:init_t:s0 msg='unit=modprobe@configfs comm="systemd" exe="/usr/lib/systemd/systemd" hostname=? addr=? terminal=? res=success'
Jan 30 11:41:08 ip-172-31-19-31 audit[1]: SERVICE_STOP pid=1 uid=0 auid=4294967295 ses=4294967295 subj=system_u:system_r:init_t:s0 msg='unit=modprobe@configfs comm="systemd" exe="/usr/lib/systemd/systemd" hostname=? addr=? terminal=? res=success'
Jan 30 11:41:08 ip-172-31-19-31 audit[1]: SERVICE_START pid=1 uid=0 auid=4294967295 ses=4294967295 subj=system_u:system_r:init_t:s0 msg='unit=modprobe@drm comm="systemd" exe="/usr/lib/systemd/systemd" hostname=? addr=? terminal=? res=success'
Jan 30 11:41:08 ip-172-31-19-31 audit[1]: SERVICE_STOP pid=1 uid=0 auid=4294967295 ses=4294967295 subj=system_u:system_r:init_t:s0 msg='unit=modprobe@drm comm="systemd" exe="/usr/lib/systemd/systemd" hostname=? addr=? terminal=? res=success'
Jan 30 11:41:08 ip-172-31-19-31 audit[1]: SERVICE_START pid=1 uid=0 auid=4294967295 ses=4294967295 subj=system_u:system_r:init_t:s0 msg='unit=modprobe@efi_pstore comm="systemd" exe="/usr/lib/systemd/systemd" hostname=? addr=? terminal=? res=success'
Jan 30 11:41:08 ip-172-31-19-31 audit[1]: SERVICE_STOP pid=1 uid=0 auid=4294967295 ses=4294967295 subj=system_u:system_r:init_t:s0 msg='unit=modprobe@efi_pstore comm="systemd" exe="/usr/lib/systemd/systemd" hostname=? addr=? terminal=? res=success'
Jan 30 11:41:08 ip-172-31-19-31 audit[1]: SERVICE_START pid=1 uid=0 auid=4294967295 ses=4294967295 subj=system_u:system_r:init_t:s0 msg='unit=nfs-convert comm="systemd" exe="/usr/lib/systemd/systemd" hostname=? addr=? terminal=? res=success'
Jan 30 11:41:08 ip-172-31-19-31 audit[1]: SERVICE_STOP pid=1 uid=0 auid=4294967295 ses=4294967295 subj=system_u:system_r:init_t:s0 msg='unit=nfs-convert comm="systemd" exe="/usr/lib/systemd/systemd" hostname=? addr=? terminal=? res=success'
Jan 30 11:41:08 ip-172-31-19-31 audit: BPF prog-id=28 op=UNLOAD
Jan 30 11:41:08 ip-172-31-19-31 audit: BPF prog-id=27 op=UNLOAD
Jan 30 11:41:08 ip-172-31-19-31 audit: BPF prog-id=26 op=UNLOAD
Jan 30 11:41:08 ip-172-31-19-31 audit[1]: SERVICE_START pid=1 uid=0 auid=4294967295 ses=4294967295 subj=system_u:system_r:init_t:s0 msg='unit=modprobe@loop comm="systemd" exe="/usr/lib/systemd/systemd" hostname=? addr=? terminal=? res=success'
Jan 30 11:41:08 ip-172-31-19-31 audit[1]: SERVICE_STOP pid=1 uid=0 auid=4294967295 ses=4294967295 subj=system_u:system_r:init_t:s0 msg='unit=modprobe@loop comm="systemd" exe="/usr/lib/systemd/systemd" hostname=? addr=? terminal=? res=success'
Jan 30 11:41:08 ip-172-31-19-31 audit[1]: SERVICE_START pid=1 uid=0 auid=4294967295 ses=4294967295 subj=system_u:system_r:init_t:s0 msg='unit=systemd-network-generator comm="systemd" exe="/usr/lib/systemd/systemd" hostname=? addr=? terminal=? res=success'
Jan 30 11:41:08 ip-172-31-19-31 audit: CONFIG_CHANGE op=set audit_enabled=1 old=1 auid=4294967295 ses=4294967295 subj=system_u:system_r:syslogd_t:s0 res=1
Jan 30 11:41:08 ip-172-31-19-31 audit[850]: SYSCALL arch=c00000b7 syscall=211 success=yes exit=60 a0=5 a1=ffffc373a9a0 a2=4000 a3=0 items=0 ppid=1 pid=850 auid=4294967295 uid=0 gid=0 euid=0 suid=0 fsuid=0 egid=0 sgid=0 fsgid=0 tty=(none) ses=4294967295 comm="systemd-journal" exe="/usr/lib/systemd/systemd-journald" subj=system_u:system_r:syslogd_t:s0 key=(null)
Jan 30 11:41:08 ip-172-31-19-31 audit: PROCTITLE proctitle="/usr/lib/systemd/systemd-journald"
Jan 30 11:41:08 ip-172-31-19-31 audit[1]: SERVICE_START pid=1 uid=0 auid=4294967295 ses=4294967295 subj=system_u:system_r:init_t:s0 msg='unit=modprobe@fuse comm="systemd" exe="/usr/lib/systemd/systemd" hostname=? addr=? terminal=? res=success'
Jan 30 11:41:08 ip-172-31-19-31 audit[1]: SERVICE_STOP pid=1 uid=0 auid=4294967295 ses=4294967295 subj=system_u:system_r:init_t:s0 msg='unit=modprobe@fuse comm="systemd" exe="/usr/lib/systemd/systemd" hostname=? addr=? terminal=? res=success'
Jan 30 11:41:08 ip-172-31-19-31 audit[1]: SERVICE_START pid=1 uid=0 auid=4294967295 ses=4294967295 subj=system_u:system_r:init_t:s0 msg='unit=systemd-sysctl comm="systemd" exe="/usr/lib/systemd/systemd" hostname=? addr=? terminal=? res=success'
Jan 30 11:41:08 ip-172-31-19-31 audit[1]: SERVICE_START pid=1 uid=0 auid=4294967295 ses=4294967295 subj=system_u:system_r:init_t:s0 msg='unit=systemd-journald comm="systemd" exe="/usr/lib/systemd/systemd" hostname=? addr=? terminal=? res=success'
Jan 30 11:41:08 ip-172-31-19-31 systemd[1]: Queued start job for default target graphical.target.
Jan 30 11:41:08 ip-172-31-19-31 audit[1]: SERVICE_START pid=1 uid=0 auid=4294967295 ses=4294967295 subj=system_u:system_r:init_t:s0 msg='unit=systemd-fsck-root comm="systemd" exe="/usr/lib/systemd/systemd" hostname=? addr=? terminal=? res=success'
Jan 30 11:41:08 ip-172-31-19-31 systemd[1]: systemd-journald.service: Deactivated successfully.
Jan 30 11:41:08 ip-172-31-19-31 systemd[1]: Finished systemd-fsck-root.service - File System Check on Root Device.
Jan 30 11:41:08 ip-172-31-19-31 systemd[1]: Starting systemd-remount-fs.service - Remount Root and Kernel File Systems...
Jan 30 11:41:08 ip-172-31-19-31 systemd[1]: Started systemd-journald.service - Journal Service.
Jan 30 11:41:08 ip-172-31-19-31 kernel: device-mapper: core: CONFIG_IMA_DISABLE_HTABLE is disabled. Duplicate IMA measurements will not be recorded in the IMA log.
Jan 30 11:41:08 ip-172-31-19-31 kernel: device-mapper: uevent: version 1.0.3
Jan 30 11:41:08 ip-172-31-19-31 systemd-fsck[882]: /usr/sbin/fsck.xfs: XFS file system.
Jan 30 11:41:08 ip-172-31-19-31 systemd[1]: modprobe@dm_mod.service: Deactivated successfully.
Jan 30 11:41:08 ip-172-31-19-31 systemd[1]: Finished modprobe@dm_mod.service - Load Kernel Module dm_mod.
Jan 30 11:41:08 ip-172-31-19-31 systemd[1]: systemd-repart.service - Repartition Root Disk was skipped because no trigger condition checks were met.
Jan 30 11:41:08 ip-172-31-19-31 audit[1]: SERVICE_START pid=1 uid=0 auid=4294967295 ses=4294967295 subj=system_u:system_r:init_t:s0 msg='unit=modprobe@dm_mod comm="systemd" exe="/usr/lib/systemd/systemd" hostname=? addr=? terminal=? res=success'
Jan 30 11:41:08 ip-172-31-19-31 audit[1]: SERVICE_STOP pid=1 uid=0 auid=4294967295 ses=4294967295 subj=system_u:system_r:init_t:s0 msg='unit=modprobe@dm_mod comm="systemd" exe="/usr/lib/systemd/systemd" hostname=? addr=? terminal=? res=success'
Jan 30 11:41:08 ip-172-31-19-31 kernel: device-mapper: ioctl: 4.47.0-ioctl (2022-07-28) initialised: dm-devel@redhat.com
Jan 30 11:41:08 ip-172-31-19-31 audit[1]: SERVICE_START pid=1 uid=0 auid=4294967295 ses=4294967295 subj=system_u:system_r:init_t:s0 msg='unit=systemd-remount-fs comm="systemd" exe="/usr/lib/systemd/systemd" hostname=? addr=? terminal=? res=success'
Jan 30 11:41:08 ip-172-31-19-31 systemd[1]: Finished systemd-remount-fs.service - Remount Root and Kernel File Systems.
Jan 30 11:41:08 ip-172-31-19-31 systemd[1]: systemd-firstboot.service - First Boot Wizard was skipped because of an unmet condition check (ConditionFirstBoot=yes).
Jan 30 11:41:08 ip-172-31-19-31 audit[1]: SERVICE_START pid=1 uid=0 auid=4294967295 ses=4294967295 subj=system_u:system_r:init_t:s0 msg='unit=systemd-udev-trigger comm="systemd" exe="/usr/lib/systemd/systemd" hostname=? addr=? terminal=? res=success'
Jan 30 11:41:08 ip-172-31-19-31 systemd[1]: systemd-hwdb-update.service - Rebuild Hardware Database was skipped because of an unmet condition check (ConditionNeedsUpdate=/etc).
Jan 30 11:41:08 ip-172-31-19-31 systemd[1]: Starting systemd-journal-flush.service - Flush Journal to Persistent Storage...
Jan 30 11:41:08 ip-172-31-19-31 systemd[1]: systemd-pstore.service - Platform Persistent Storage Archival was skipped because of an unmet condition check (ConditionDirectoryNotEmpty=/sys/fs/pstore).
Jan 30 11:41:08 ip-172-31-19-31 systemd[1]: Starting systemd-random-seed.service - Load/Save Random Seed...
Jan 30 11:41:08 ip-172-31-19-31 systemd[1]: systemd-sysusers.service - Create System Users was skipped because no trigger condition checks were met.
Jan 30 11:41:08 ip-172-31-19-31 systemd[1]: Starting systemd-tmpfiles-setup-dev.service - Create Static Device Nodes in /dev...
Jan 30 11:41:08 ip-172-31-19-31 systemd[1]: Finished systemd-udev-trigger.service - Coldplug All udev Devices.
Jan 30 11:41:08 ip-172-31-19-31 systemd-journald[850]: Runtime Journal (/run/log/journal/ec250f71689c625e6558284e21d3ad28) is 8.0M, max 76.2M, 68.2M free.
Jan 30 11:41:08 ip-172-31-19-31 systemd-journald[850]: Received client request to flush runtime journal.
Jan 30 11:41:08 ip-172-31-19-31 audit[1]: SERVICE_START pid=1 uid=0 auid=4294967295 ses=4294967295 subj=system_u:system_r:init_t:s0 msg='unit=systemd-journal-flush comm="systemd" exe="/usr/lib/systemd/systemd" hostname=? addr=? terminal=? res=success'
Jan 30 11:41:08 ip-172-31-19-31 systemd[1]: Finished systemd-journal-flush.service - Flush Journal to Persistent Storage.
Jan 30 11:41:08 ip-172-31-19-31 audit[1]: SERVICE_START pid=1 uid=0 auid=4294967295 ses=4294967295 subj=system_u:system_r:init_t:s0 msg='unit=systemd-random-seed comm="systemd" exe="/usr/lib/systemd/systemd" hostname=? addr=? terminal=? res=success'
Jan 30 11:41:08 ip-172-31-19-31 systemd[1]: Finished systemd-random-seed.service - Load/Save Random Seed.
Jan 30 11:41:08 ip-172-31-19-31 systemd[1]: first-boot-complete.target - First Boot Complete was skipped because of an unmet condition check (ConditionFirstBoot=yes).
Jan 30 11:41:08 ip-172-31-19-31 systemd[1]: Finished systemd-tmpfiles-setup-dev.service - Create Static Device Nodes in /dev.
Jan 30 11:41:08 ip-172-31-19-31 audit[1]: SERVICE_START pid=1 uid=0 auid=4294967295 ses=4294967295 subj=system_u:system_r:init_t:s0 msg='unit=systemd-tmpfiles-setup-dev comm="systemd" exe="/usr/lib/systemd/systemd" hostname=? addr=? terminal=? res=success'
Jan 30 11:41:08 ip-172-31-19-31 systemd[1]: Reached target local-fs-pre.target - Preparation for Local File Systems.
Jan 30 11:41:08 ip-172-31-19-31 systemd[1]: Set up automount boot-efi.automount.
Jan 30 11:41:08 ip-172-31-19-31 systemd[1]: Reached target local-fs.target - Local File Systems.
Jan 30 11:41:08 ip-172-31-19-31 systemd[1]: import-state.service - Import network configuration from initramfs was skipped because of an unmet condition check (ConditionDirectoryNotEmpty=/run/initramfs/state).
Jan 30 11:41:08 ip-172-31-19-31 systemd[1]: ldconfig.service - Rebuild Dynamic Linker Cache was skipped because no trigger condition checks were met.
Jan 30 11:41:08 ip-172-31-19-31 systemd[1]: selinux-autorelabel-mark.service - Mark the need to relabel after reboot was skipped because of an unmet condition check (ConditionSecurity=!selinux).
Jan 30 11:41:08 ip-172-31-19-31 systemd[1]: systemd-binfmt.service - Set Up Additional Binary Formats was skipped because no trigger condition checks were met.
Jan 30 11:41:08 ip-172-31-19-31 systemd[1]: systemd-boot-system-token.service - Store a System Token in an EFI Variable was skipped because of an unmet condition check (ConditionPathExists=/sys/firmware/efi/efivars/LoaderFeatures-4a67b082-0a4c-41cf-b6c7-440b29bb8c4f).
Jan 30 11:41:08 ip-172-31-19-31 systemd[1]: Starting systemd-boot-update.service - Automatic Boot Loader Update...
Jan 30 11:41:08 ip-172-31-19-31 systemd[1]: systemd-machine-id-commit.service - Commit a transient machine-id on disk was skipped because of an unmet condition check (ConditionPathIsMountPoint=/etc/machine-id).
Jan 30 11:41:08 ip-172-31-19-31 systemd[1]: Starting systemd-tmpfiles-setup.service - Create Volatile Files and Directories...
Jan 30 11:41:08 ip-172-31-19-31 audit: BPF prog-id=32 op=LOAD
Jan 30 11:41:08 ip-172-31-19-31 audit: BPF prog-id=33 op=LOAD
Jan 30 11:41:08 ip-172-31-19-31 audit: BPF prog-id=6 op=UNLOAD
Jan 30 11:41:08 ip-172-31-19-31 audit: BPF prog-id=7 op=UNLOAD
Jan 30 11:41:08 ip-172-31-19-31 systemd[1]: Starting systemd-udevd.service - Rule-based Manager for Device Events and Files...
Jan 30 11:41:08 ip-172-31-19-31 systemd[1]: boot-efi.automount: Got automount request for /boot/efi, triggered by 1289 (bootctl)
Jan 30 11:41:08 ip-172-31-19-31 systemd[1]: Created slice system-systemd\x2dfsck.slice - Slice /system/systemd-fsck.
Jan 30 11:41:08 ip-172-31-19-31 systemd[1]: Expecting device dev-disk-by\x2duuid-540A\x2dA250.device - /dev/disk/by-uuid/540A-A250...
Jan 30 11:41:08 ip-172-31-19-31 systemd-udevd[1292]: Using default interface naming scheme 'v252'.
Jan 30 11:41:08 ip-172-31-19-31 systemd[1]: Finished systemd-tmpfiles-setup.service - Create Volatile Files and Directories.
Jan 30 11:41:08 ip-172-31-19-31 audit[1]: SERVICE_START pid=1 uid=0 auid=4294967295 ses=4294967295 subj=system_u:system_r:init_t:s0 msg='unit=systemd-tmpfiles-setup comm="systemd" exe="/usr/lib/systemd/systemd" hostname=? addr=? terminal=? res=success'
Jan 30 11:41:08 ip-172-31-19-31 systemd[1]: Starting auditd.service - Security Auditing Service...
Jan 30 11:41:08 ip-172-31-19-31 systemd[1]: systemd-journal-catalog-update.service - Rebuild Journal Catalog was skipped because of an unmet condition check (ConditionNeedsUpdate=/var).
Jan 30 11:41:08 ip-172-31-19-31 audit: BPF prog-id=34 op=LOAD
Jan 30 11:41:08 ip-172-31-19-31 audit[1]: SERVICE_START pid=1 uid=0 auid=4294967295 ses=4294967295 subj=system_u:system_r:init_t:s0 msg='unit=systemd-udevd comm="systemd" exe="/usr/lib/systemd/systemd" hostname=? addr=? terminal=? res=success'
Jan 30 11:41:08 ip-172-31-19-31 systemd[1]: Starting systemd-resolved.service - Network Name Resolution...
Jan 30 11:41:08 ip-172-31-19-31 systemd[1]: Started systemd-udevd.service - Rule-based Manager for Device Events and Files.
Jan 30 11:41:08 ip-172-31-19-31 systemd[1]: Condition check resulted in dev-ttyS0.device - /dev/ttyS0 being skipped.
Jan 30 11:41:08 ip-172-31-19-31 audit[1324]: AVC avc:  denied  { setattr } for  pid=1324 comm="auditd" name="audit" dev="nvme0n1p1" ino=8519820 scontext=system_u:system_r:auditd_t:s0 tcontext=system_u:object_r:var_log_t:s0 tclass=dir permissive=1
Jan 30 11:41:08 ip-172-31-19-31 audit[1324]: SYSCALL arch=c00000b7 syscall=53 success=yes exit=0 a0=ffffffffffffff9c a1=aaab0eb2c990 a2=1c0 a3=0 items=0 ppid=1294 pid=1324 auid=4294967295 uid=0 gid=0 euid=0 suid=0 fsuid=0 egid=0 sgid=0 fsgid=0 tty=(none) ses=4294967295 comm="auditd" exe="/usr/sbin/auditd" subj=system_u:system_r:auditd_t:s0 key=(null)
Jan 30 11:41:08 ip-172-31-19-31 audit: PROCTITLE proctitle="/sbin/auditd"
Jan 30 11:41:08 ip-172-31-19-31 audit[1324]: AVC avc:  denied  { create } for  pid=1324 comm="auditd" name="audit.log" scontext=system_u:system_r:auditd_t:s0 tcontext=system_u:object_r:var_log_t:s0 tclass=file permissive=1
Jan 30 11:41:08 ip-172-31-19-31 audit[1324]: AVC avc:  denied  { read open } for  pid=1324 comm="auditd" path="/var/log/audit/audit.log" dev="nvme0n1p1" ino=9124681 scontext=system_u:system_r:auditd_t:s0 tcontext=system_u:object_r:var_log_t:s0 tclass=file permissive=1
Jan 30 11:41:08 ip-172-31-19-31 audit[1324]: SYSCALL arch=c00000b7 syscall=56 success=yes exit=5 a0=ffffffffffffff9c a1=aaab0eb2c900 a2=4c0 a3=1a0 items=4 ppid=1294 pid=1324 auid=4294967295 uid=0 gid=0 euid=0 suid=0 fsuid=0 egid=0 sgid=0 fsgid=0 tty=(none) ses=4294967295 comm="auditd" exe="/usr/sbin/auditd" subj=system_u:system_r:auditd_t:s0 key=(null)
Jan 30 11:41:08 ip-172-31-19-31 audit: CWD cwd="/"
Jan 30 11:41:08 ip-172-31-19-31 audit: PATH item=0 name=(null) inode=8519820 dev=103:01 mode=040700 ouid=0 ogid=0 rdev=00:00 obj=system_u:object_r:var_log_t:s0 nametype=PARENT cap_fp=0 cap_fi=0 cap_fe=0 cap_fver=0 cap_frootid=0
Jan 30 11:41:08 ip-172-31-19-31 audit: PATH item=1 name=(null) nametype=CREATE cap_fp=0 cap_fi=0 cap_fe=0 cap_fver=0 cap_frootid=0
Jan 30 11:41:08 ip-172-31-19-31 audit: PATH item=2 name=(null) inode=8519820 dev=103:01 mode=040700 ouid=0 ogid=0 rdev=00:00 obj=system_u:object_r:var_log_t:s0 nametype=PARENT cap_fp=0 cap_fi=0 cap_fe=0 cap_fver=0 cap_frootid=0
Jan 30 11:41:08 ip-172-31-19-31 audit: PATH item=3 name=(null) inode=9124681 dev=103:01 mode=0100640 ouid=0 ogid=0 rdev=00:00 obj=system_u:object_r:var_log_t:s0 nametype=CREATE cap_fp=0 cap_fi=0 cap_fe=0 cap_fver=0 cap_frootid=0
Jan 30 11:41:08 ip-172-31-19-31 audit: PROCTITLE proctitle="/sbin/auditd"
Jan 30 11:41:08 ip-172-31-19-31 audit[1324]: AVC avc:  denied  { setattr } for  pid=1324 comm="auditd" name="audit.log" dev="nvme0n1p1" ino=9124681 scontext=system_u:system_r:auditd_t:s0 tcontext=system_u:object_r:var_log_t:s0 tclass=file permissive=1
Jan 30 11:41:08 ip-172-31-19-31 audit[1324]: SYSCALL arch=c00000b7 syscall=52 success=yes exit=0 a0=5 a1=180 a2=1a0 a3=0 items=0 ppid=1294 pid=1324 auid=4294967295 uid=0 gid=0 euid=0 suid=0 fsuid=0 egid=0 sgid=0 fsgid=0 tty=(none) ses=4294967295 comm="auditd" exe="/usr/sbin/auditd" subj=system_u:system_r:auditd_t:s0 key=(null)
Jan 30 11:41:08 ip-172-31-19-31 audit: PROCTITLE proctitle="/sbin/auditd"
Jan 30 11:41:08 ip-172-31-19-31 auditd[1324]: No plugins found, not dispatching events
Jan 30 11:41:08 ip-172-31-19-31 audit: CONFIG_CHANGE op=set audit_enabled=1 old=1 auid=4294967295 ses=4294967295 subj=system_u:system_r:auditd_t:s0 res=1
Jan 30 11:41:08 ip-172-31-19-31 audit[1324]: SYSCALL arch=c00000b7 syscall=206 success=yes exit=60 a0=3 a1=fffffac5f000 a2=3c a3=0 items=0 ppid=1294 pid=1324 auid=4294967295 uid=0 gid=0 euid=0 suid=0 fsuid=0 egid=0 sgid=0 fsgid=0 tty=(none) ses=4294967295 comm="auditd" exe="/usr/sbin/auditd" subj=system_u:system_r:auditd_t:s0 key=(null)
Jan 30 11:41:08 ip-172-31-19-31 audit: PROCTITLE proctitle="/sbin/auditd"
Jan 30 11:41:08 ip-172-31-19-31 audit: CONFIG_CHANGE op=set audit_pid=1324 old=0 auid=4294967295 ses=4294967295 subj=system_u:system_r:auditd_t:s0 res=1
Jan 30 11:41:08 ip-172-31-19-31 audit[1324]: SYSCALL arch=c00000b7 syscall=206 success=yes exit=60 a0=3 a1=fffffac5ccb0 a2=3c a3=0 items=0 ppid=1294 pid=1324 auid=4294967295 uid=0 gid=0 euid=0 suid=0 fsuid=0 egid=0 sgid=0 fsgid=0 tty=(none) ses=4294967295 comm="auditd" exe="/usr/sbin/auditd" subj=system_u:system_r:auditd_t:s0 key=(null)
Jan 30 11:41:08 ip-172-31-19-31 audit: PROCTITLE proctitle="/sbin/auditd"
Jan 30 11:41:08 ip-172-31-19-31 auditd[1324]: Init complete, auditd 3.0.6 listening for events (startup state enable)
Jan 30 11:41:08 ip-172-31-19-31 systemd-resolved[1323]: Positive Trust Anchors:
Jan 30 11:41:08 ip-172-31-19-31 systemd-resolved[1323]: . IN DS 20326 8 2 e06d44b80b8f1d39a95c0b0d7c65d08458e880409bbc683457104237c7f8ec8d
Jan 30 11:41:08 ip-172-31-19-31 systemd-resolved[1323]: Negative trust anchors: home.arpa 10.in-addr.arpa 16.172.in-addr.arpa 17.172.in-addr.arpa 18.172.in-addr.arpa 19.172.in-addr.arpa 20.172.in-addr.arpa 21.172.in-addr.arpa 22.172.in-addr.arpa 23.172.in-addr.arpa 24.172.in-addr.arpa 25.172.in-addr.arpa 26.172.in-addr.arpa 27.172.in-addr.arpa 28.172.in-addr.arpa 29.172.in-addr.arpa 30.172.in-addr.arpa 31.172.in-addr.arpa 168.192.in-addr.arpa d.f.ip6.arpa corp home internal intranet lan local private test
Jan 30 11:41:08 ip-172-31-19-31 augenrules[1327]: /sbin/augenrules: No change
Jan 30 11:41:08 ip-172-31-19-31 kernel: input: Power Button as /devices/LNXSYSTM:00/LNXSYBUS:00/PNP0C0C:00/input/input0
Jan 30 11:41:08 ip-172-31-19-31 audit: CONFIG_CHANGE auid=4294967295 ses=4294967295 subj=system_u:system_r:unconfined_service_t:s0 op=add_rule key=(null) list=1 res=1
Jan 30 11:41:08 ip-172-31-19-31 audit[1338]: SYSCALL arch=c00000b7 syscall=206 success=yes exit=1056 a0=3 a1=ffffed5230a0 a2=420 a3=0 items=0 ppid=1327 pid=1338 auid=4294967295 uid=0 gid=0 euid=0 suid=0 fsuid=0 egid=0 sgid=0 fsgid=0 tty=(none) ses=4294967295 comm="auditctl" exe="/usr/sbin/auditctl" subj=system_u:system_r:unconfined_service_t:s0 key=(null)
Jan 30 11:41:08 ip-172-31-19-31 audit: PROCTITLE proctitle=2F7362696E2F617564697463746C002D52002F6574632F61756469742F61756469742E72756C6573
Jan 30 11:41:08 ip-172-31-19-31 augenrules[1338]: No rules
Jan 30 11:41:08 ip-172-31-19-31 kernel: ACPI: button: Power Button [PWRB]
Jan 30 11:41:08 ip-172-31-19-31 kernel: input: Sleep Button as /devices/LNXSYSTM:00/LNXSYBUS:00/PNP0C0E:00/input/input1
Jan 30 11:41:08 ip-172-31-19-31 kernel: ACPI: button: Sleep Button [SLPB]
Jan 30 11:41:08 ip-172-31-19-31 audit[1]: SERVICE_START pid=1 uid=0 auid=4294967295 ses=4294967295 subj=system_u:system_r:init_t:s0 msg='unit=auditd comm="systemd" exe="/usr/lib/systemd/systemd" hostname=? addr=? terminal=? res=success'
Jan 30 11:41:08 ip-172-31-19-31 systemd[1]: Started auditd.service - Security Auditing Service.
Jan 30 11:41:08 ip-172-31-19-31 systemd-resolved[1323]: Using system hostname 'ip-172-31-19-31.ec2.internal'.
Jan 30 11:41:08 ip-172-31-19-31 kernel: ACPI: \_SB_.PCI0.GSI1: Enabled at IRQ 36
Jan 30 11:41:08 ip-172-31-19-31 kernel: ena 0000:00:05.0: Elastic Network Adapter (ENA) v2.13.2g
Jan 30 11:41:08 ip-172-31-19-31 kernel: ena 0000:00:05.0: enabling device (0010 -> 0012)
Jan 30 11:41:08 ip-172-31-19-31 kernel: ena 0000:00:05.0: ENA device version: 0.10
Jan 30 11:41:08 ip-172-31-19-31 kernel: ena 0000:00:05.0: ENA controller version: 0.0.1 implementation version 1
Jan 30 11:41:08 ip-172-31-19-31 kernel: ena 0000:00:05.0: ENA Large LLQ is disabled
Jan 30 11:41:08 ip-172-31-19-31 kernel: ena 0000:00:05.0: Elastic Network Adapter (ENA) found at mem 80114000, mac addr 12:70:eb:d7:34:b5
Jan 30 11:41:08 ip-172-31-19-31 audit[1]: SERVICE_START pid=1 uid=0 auid=4294967295 ses=4294967295 subj=system_u:system_r:init_t:s0 msg='unit=systemd-resolved comm="systemd" exe="/usr/lib/systemd/systemd" hostname=? addr=? terminal=? res=success'
Jan 30 11:41:08 ip-172-31-19-31 audit[1354]: SYSTEM_BOOT pid=1354 uid=0 auid=4294967295 ses=4294967295 subj=system_u:system_r:init_t:s0 msg=' comm="systemd-update-utmp" exe="/usr/lib/systemd/systemd-update-utmp" hostname=? addr=? terminal=? res=success'
Jan 30 11:41:08 ip-172-31-19-31 audit[1]: SERVICE_START pid=1 uid=0 auid=4294967295 ses=4294967295 subj=system_u:system_r:init_t:s0 msg='unit=systemd-update-utmp comm="systemd" exe="/usr/lib/systemd/systemd" hostname=? addr=? terminal=? res=success'
Jan 30 11:41:08 ip-172-31-19-31 systemd[1]: Starting systemd-update-utmp.service - Record System Boot/Shutdown in UTMP...
Jan 30 11:41:08 ip-172-31-19-31 systemd[1]: Started systemd-resolved.service - Network Name Resolution.
Jan 30 11:41:08 ip-172-31-19-31 systemd[1]: Reached target nss-lookup.target - Host and Network Name Lookups.
Jan 30 11:41:08 ip-172-31-19-31 systemd[1]: Finished systemd-update-utmp.service - Record System Boot/Shutdown in UTMP.
Jan 30 11:41:08 ip-172-31-19-31 systemd[1]: Condition check resulted in dev-disk-by\x2duuid-540A\x2dA250.device - Amazon Elastic Block Store EFI\x20System\x20Partition being skipped.
Jan 30 11:41:08 ip-172-31-19-31 kernel: ena 0000:00:05.0 ens5: renamed from eth0
Jan 30 11:41:08 ip-172-31-19-31 systemd[1]: Starting systemd-fsck@dev-disk-by\x2duuid-540A\x2dA250.service - File System Check on /dev/disk/by-uuid/540A-A250...
Jan 30 11:41:08 ip-172-31-19-31 systemd[1]: Reloading.
Jan 30 11:41:08 ip-172-31-19-31 systemd-fsck[1404]: fsck.fat 4.2 (2021-01-31)
Jan 30 11:41:08 ip-172-31-19-31 systemd-fsck[1404]: /dev/nvme0n1p128: 5 files, 695/5101 clusters
Jan 30 11:41:09 ip-172-31-19-31 zram_generator::config[1426]: zram0: system has too much memory (3812MB), limit is 800MB, ignoring.
Jan 30 11:41:09 ip-172-31-19-31 systemd[1]: /usr/lib/systemd/system/acpid.socket:6: ListenStream= references a path below legacy directory /var/run/, updating /var/run/acpid.socket  /run/acpid.socket; please update the unit file accordingly.
Jan 30 11:41:09 ip-172-31-19-31 audit: BPF prog-id=35 op=LOAD
Jan 30 11:41:09 ip-172-31-19-31 audit: BPF prog-id=29 op=UNLOAD
Jan 30 11:41:09 ip-172-31-19-31 audit: BPF prog-id=36 op=LOAD
Jan 30 11:41:09 ip-172-31-19-31 audit: BPF prog-id=37 op=LOAD
Jan 30 11:41:09 ip-172-31-19-31 audit: BPF prog-id=30 op=UNLOAD
Jan 30 11:41:09 ip-172-31-19-31 audit: BPF prog-id=31 op=UNLOAD
Jan 30 11:41:09 ip-172-31-19-31 audit: BPF prog-id=38 op=LOAD
Jan 30 11:41:09 ip-172-31-19-31 audit: BPF prog-id=34 op=UNLOAD
Jan 30 11:41:09 ip-172-31-19-31 audit: BPF prog-id=39 op=LOAD
Jan 30 11:41:09 ip-172-31-19-31 audit: BPF prog-id=40 op=LOAD
Jan 30 11:41:09 ip-172-31-19-31 audit: BPF prog-id=32 op=UNLOAD
Jan 30 11:41:09 ip-172-31-19-31 audit: BPF prog-id=33 op=UNLOAD
Jan 30 11:41:09 ip-172-31-19-31 systemd[1]: Finished systemd-fsck@dev-disk-by\x2duuid-540A\x2dA250.service - File System Check on /dev/disk/by-uuid/540A-A250.
Jan 30 11:41:09 ip-172-31-19-31 audit[1]: SERVICE_START pid=1 uid=0 auid=4294967295 ses=4294967295 subj=system_u:system_r:init_t:s0 msg='unit=systemd-fsck@dev-disk-by\x2duuid-540A\x2dA250 comm="systemd" exe="/usr/lib/systemd/systemd" hostname=? addr=? terminal=? res=success'
Jan 30 11:41:09 ip-172-31-19-31 systemd[1]: Created slice system-policy\x2droutes.slice - Slice /system/policy-routes.
Jan 30 11:41:09 ip-172-31-19-31 systemd[1]: import-state.service - Import network configuration from initramfs was skipped because of an unmet condition check (ConditionDirectoryNotEmpty=/run/initramfs/state).
Jan 30 11:41:09 ip-172-31-19-31 systemd[1]: ldconfig.service - Rebuild Dynamic Linker Cache was skipped because no trigger condition checks were met.
Jan 30 11:41:09 ip-172-31-19-31 systemd[1]: Starting modprobe@dm_mod.service - Load Kernel Module dm_mod...
Jan 30 11:41:09 ip-172-31-19-31 systemd[1]: Starting modprobe@efi_pstore.service - Load Kernel Module efi_pstore...
Jan 30 11:41:09 ip-172-31-19-31 systemd[1]: Starting modprobe@loop.service - Load Kernel Module loop...
Jan 30 11:41:09 ip-172-31-19-31 systemd[1]: selinux-autorelabel-mark.service - Mark the need to relabel after reboot was skipped because of an unmet condition check (ConditionSecurity=!selinux).
Jan 30 11:41:09 ip-172-31-19-31 systemd[1]: systemd-binfmt.service - Set Up Additional Binary Formats was skipped because no trigger condition checks were met.
Jan 30 11:41:09 ip-172-31-19-31 systemd[1]: systemd-boot-system-token.service - Store a System Token in an EFI Variable was skipped because of an unmet condition check (ConditionPathExists=/sys/firmware/efi/efivars/LoaderFeatures-4a67b082-0a4c-41cf-b6c7-440b29bb8c4f).
Jan 30 11:41:09 ip-172-31-19-31 systemd[1]: systemd-firstboot.service - First Boot Wizard was skipped because of an unmet condition check (ConditionFirstBoot=yes).
Jan 30 11:41:09 ip-172-31-19-31 systemd[1]: first-boot-complete.target - First Boot Complete was skipped because of an unmet condition check (ConditionFirstBoot=yes).
Jan 30 11:41:09 ip-172-31-19-31 audit[1]: SERVICE_START pid=1 uid=0 auid=4294967295 ses=4294967295 subj=system_u:system_r:init_t:s0 msg='unit=modprobe@dm_mod comm="systemd" exe="/usr/lib/systemd/systemd" hostname=? addr=? terminal=? res=success'
Jan 30 11:41:09 ip-172-31-19-31 systemd[1]: systemd-hwdb-update.service - Rebuild Hardware Database was skipped because of an unmet condition check (ConditionNeedsUpdate=/etc).
Jan 30 11:41:09 ip-172-31-19-31 systemd[1]: systemd-journal-catalog-update.service - Rebuild Journal Catalog was skipped because of an unmet condition check (ConditionNeedsUpdate=/var).
Jan 30 11:41:09 ip-172-31-19-31 systemd[1]: systemd-machine-id-commit.service - Commit a transient machine-id on disk was skipped because of an unmet condition check (ConditionPathIsMountPoint=/etc/machine-id).
Jan 30 11:41:09 ip-172-31-19-31 systemd[1]: systemd-modules-load.service - Load Kernel Modules was skipped because no trigger condition checks were met.
Jan 30 11:41:09 ip-172-31-19-31 systemd[1]: systemd-sysusers.service - Create System Users was skipped because no trigger condition checks were met.
Jan 30 11:41:09 ip-172-31-19-31 systemd[1]: modprobe@dm_mod.service: Deactivated successfully.
Jan 30 11:41:09 ip-172-31-19-31 systemd[1]: Finished modprobe@dm_mod.service - Load Kernel Module dm_mod.
Jan 30 11:41:09 ip-172-31-19-31 audit[1]: SERVICE_STOP pid=1 uid=0 auid=4294967295 ses=4294967295 subj=system_u:system_r:init_t:s0 msg='unit=modprobe@dm_mod comm="systemd" exe="/usr/lib/systemd/systemd" hostname=? addr=? terminal=? res=success'
Jan 30 11:41:09 ip-172-31-19-31 systemd[1]: modprobe@efi_pstore.service: Deactivated successfully.
Jan 30 11:41:09 ip-172-31-19-31 systemd[1]: Finished modprobe@efi_pstore.service - Load Kernel Module efi_pstore.
Jan 30 11:41:09 ip-172-31-19-31 audit[1]: SERVICE_START pid=1 uid=0 auid=4294967295 ses=4294967295 subj=system_u:system_r:init_t:s0 msg='unit=modprobe@efi_pstore comm="systemd" exe="/usr/lib/systemd/systemd" hostname=? addr=? terminal=? res=success'
Jan 30 11:41:09 ip-172-31-19-31 audit[1]: SERVICE_STOP pid=1 uid=0 auid=4294967295 ses=4294967295 subj=system_u:system_r:init_t:s0 msg='unit=modprobe@efi_pstore comm="systemd" exe="/usr/lib/systemd/systemd" hostname=? addr=? terminal=? res=success'
Jan 30 11:41:09 ip-172-31-19-31 systemd[1]: modprobe@loop.service: Deactivated successfully.
Jan 30 11:41:09 ip-172-31-19-31 systemd[1]: Finished modprobe@loop.service - Load Kernel Module loop.
Jan 30 11:41:09 ip-172-31-19-31 audit[1]: SERVICE_START pid=1 uid=0 auid=4294967295 ses=4294967295 subj=system_u:system_r:init_t:s0 msg='unit=modprobe@loop comm="systemd" exe="/usr/lib/systemd/systemd" hostname=? addr=? terminal=? res=success'
Jan 30 11:41:09 ip-172-31-19-31 audit[1]: SERVICE_STOP pid=1 uid=0 auid=4294967295 ses=4294967295 subj=system_u:system_r:init_t:s0 msg='unit=modprobe@loop comm="systemd" exe="/usr/lib/systemd/systemd" hostname=? addr=? terminal=? res=success'
Jan 30 11:41:09 ip-172-31-19-31 systemd[1]: systemd-pstore.service - Platform Persistent Storage Archival was skipped because of an unmet condition check (ConditionDirectoryNotEmpty=/sys/fs/pstore).
Jan 30 11:41:09 ip-172-31-19-31 systemd[1]: systemd-repart.service - Repartition Root Disk was skipped because no trigger condition checks were met.
Jan 30 11:41:09 ip-172-31-19-31 systemd[1]: Mounting boot-efi.mount - /boot/efi...
Jan 30 11:41:09 ip-172-31-19-31 systemd[1]: Mounting var-lib-nfs-rpc_pipefs.mount - RPC Pipe File System...
Jan 30 11:41:09 ip-172-31-19-31 systemd[1]: Mounted var-lib-nfs-rpc_pipefs.mount - RPC Pipe File System.
Jan 30 11:41:09 ip-172-31-19-31 systemd[1]: Reached target rpc_pipefs.target.
Jan 30 11:41:09 ip-172-31-19-31 kernel: RPC: Registered named UNIX socket transport module.
Jan 30 11:41:09 ip-172-31-19-31 kernel: RPC: Registered udp transport module.
Jan 30 11:41:09 ip-172-31-19-31 kernel: RPC: Registered tcp transport module.
Jan 30 11:41:09 ip-172-31-19-31 kernel: RPC: Registered tcp NFSv4.1 backchannel transport module.
Jan 30 11:41:09 ip-172-31-19-31 systemd[1]: Mounted boot-efi.mount - /boot/efi.
Jan 30 11:41:09 ip-172-31-19-31 systemd[1]: Finished systemd-boot-update.service - Automatic Boot Loader Update.
Jan 30 11:41:09 ip-172-31-19-31 audit[1]: SERVICE_START pid=1 uid=0 auid=4294967295 ses=4294967295 subj=system_u:system_r:init_t:s0 msg='unit=systemd-boot-update comm="systemd" exe="/usr/lib/systemd/systemd" hostname=? addr=? terminal=? res=success'
Jan 30 11:41:09 ip-172-31-19-31 systemd[1]: systemd-update-done.service - Update is Completed was skipped because no trigger condition checks were met.
Jan 30 11:41:09 ip-172-31-19-31 systemd[1]: Reached target sysinit.target - System Initialization.
Jan 30 11:41:09 ip-172-31-19-31 systemd[1]: Started fstrim.timer - Discard unused blocks once a week.
Jan 30 11:41:09 ip-172-31-19-31 systemd[1]: Started logrotate.timer - Daily rotation of log files.
Jan 30 11:41:09 ip-172-31-19-31 systemd[1]: Started refresh-policy-routes@ens5.timer.
Jan 30 11:41:09 ip-172-31-19-31 systemd[1]: Started sysstat-collect.timer - Run system activity accounting tool every 10 minutes.
Jan 30 11:41:09 ip-172-31-19-31 systemd[1]: Started sysstat-summary.timer - Generate summary of yesterday's process accounting.
Jan 30 11:41:09 ip-172-31-19-31 systemd[1]: Started systemd-tmpfiles-clean.timer - Daily Cleanup of Temporary Directories.
Jan 30 11:41:09 ip-172-31-19-31 systemd[1]: Started update-motd.timer - Timer for Dynamically Generate Message Of The Day.
Jan 30 11:41:09 ip-172-31-19-31 systemd[1]: Reached target timers.target - Timer Units.
Jan 30 11:41:09 ip-172-31-19-31 systemd[1]: Listening on acpid.socket - ACPID Listen Socket.
Jan 30 11:41:09 ip-172-31-19-31 systemd[1]: Listening on dbus.socket - D-Bus System Message Bus Socket.
Jan 30 11:41:09 ip-172-31-19-31 systemd[1]: Listening on sssd-kcm.socket - SSSD Kerberos Cache Manager responder socket.
Jan 30 11:41:09 ip-172-31-19-31 systemd[1]: Reached target sockets.target - Socket Units.
Jan 30 11:41:09 ip-172-31-19-31 systemd[1]: rpmdb-rebuild.service - RPM database rebuild was skipped because of an unmet condition check (ConditionPathExists=/var/lib/rpm/.rebuilddb).
